Component: ARM Compiler 5.05 update 1 (build 106) Tool: armlink [4d0efa]

==============================================================================

Section Cross References

    main.o(i.main) refers to delay.o(i.Delay_Init) for Delay_Init
    main.o(i.main) refers to usart1.o(i.Usart1_Init) for Usart1_Init
    main.o(i.main) refers to usart2.o(i.Usart2_Init) for Usart2_Init
    main.o(i.main) refers to timer4.o(i.TIM4_Init) for TIM4_Init
    main.o(i.main) refers to led.o(i.LED_Init) for LED_Init
    main.o(i.main) refers to dht11.o(i.DHT11_Init) for DHT11_Init
    main.o(i.main) refers to mq-sensor.o(i.Adc_Init) for Adc_Init
    main.o(i.main) refers to bmp.o(i.bmp_Init) for bmp_Init
    main.o(i.main) refers to mq_4.o(i.MQ4_ADC_Init) for MQ4_ADC_Init
    main.o(i.main) refers to oled.o(i.OLED_Init) for OLED_Init
    main.o(i.main) refers to oled.o(i.OLED_ColorTurn) for OLED_ColorTurn
    main.o(i.main) refers to oled.o(i.OLED_DisplayTurn) for OLED_DisplayTurn
    main.o(i.main) refers to wifi.o(i.WiFi_ResetIO_Init) for WiFi_ResetIO_Init
    main.o(i.main) refers to mqtt.o(i.IoT_Parameter_Init) for IoT_Parameter_Init
    main.o(i.main) refers to mq_4.o(i.Read_MQ4_DOUT_Data) for Read_MQ4_DOUT_Data
    main.o(i.main) refers to control.o(i.Send_beepData) for Send_beepData
    main.o(i.main) refers to fire.o(i.ReadFlameSensorStatus) for ReadFlameSensorStatus
    main.o(i.main) refers to control.o(i.Send_FireData) for Send_FireData
    main.o(i.main) refers to delay.o(i.DelayMs) for DelayMs
    main.o(i.main) refers to usart1.o(i.u1_printf) for u1_printf
    main.o(i.main) refers to usart2.o(i.u2_TxData) for u2_TxData
    main.o(i.main) refers to timer3.o(i.TIM3_ENABLE_30S) for TIM3_ENABLE_30S
    main.o(i.main) refers to timer2.o(i.TIM2_ENABLE_10S) for TIM2_ENABLE_10S
    main.o(i.main) refers to mqtt.o(i.MQTT_DealPushdata_Qs0) for MQTT_DealPushdata_Qs0
    main.o(i.main) refers to strlen.o(.text) for strlen
    main.o(i.main) refers to memcmp.o(.text) for memcmp
    main.o(i.main) refers to led.o(i.LED_Off) for LED_Off
    main.o(i.main) refers to led.o(i.LED_ON) for LED_ON
    main.o(i.main) refers to stm32f10x_tim.o(i.TIM_Cmd) for TIM_Cmd
    main.o(i.main) refers to bmp.o(i.bmp_start) for bmp_start
    main.o(i.main) refers to bmp.o(i.bmp_stop) for bmp_stop
    main.o(i.main) refers to rt_memclr.o(.text) for __aeabi_memclr
    main.o(i.main) refers to wifi.o(i.WiFi_Connect_IoTServer) for WiFi_Connect_IoTServer
    main.o(i.main) refers to mqtt.o(i.MQTT_Buff_Init) for MQTT_Buff_Init
    main.o(i.main) refers to mqtt.o(.data) for connectFlag
    main.o(i.main) refers to mqtt.o(.bss) for MQTT_TxDataBuf
    main.o(i.main) refers to main.o(.data) for cmdLED_Off
    main.o(i.main) refers to usart2.o(.data) for Usart2_RxCounter
    main.o(i.main) refers to usart2.o(.bss) for Usart2_RxBuff
    main.o(.data) refers to main.o(.conststring) for .conststring
    stm32f10x_it.o(i.TIM2_IRQHandler) refers to _printf_percent.o(.ARM.Collect$$_printf_percent$$00000000) for _printf_percent
    stm32f10x_it.o(i.TIM2_IRQHandler) refers to _printf_d.o(.ARM.Collect$$_printf_percent$$00000009) for _printf_d
    stm32f10x_it.o(i.TIM2_IRQHandler) refers to _printf_dec.o(.text) for _printf_int_dec
    stm32f10x_it.o(i.TIM2_IRQHandler) refers to _printf_c.o(.ARM.Collect$$_printf_percent$$00000013) for _printf_c
    stm32f10x_it.o(i.TIM2_IRQHandler) refers to _printf_s.o(.ARM.Collect$$_printf_percent$$00000014) for _printf_s
    stm32f10x_it.o(i.TIM2_IRQHandler) refers to _printf_str.o(.text) for _printf_str
    stm32f10x_it.o(i.TIM2_IRQHandler) refers to mq-sensor.o(i.ADC_Val_Disp) for ADC_Val_Disp
    stm32f10x_it.o(i.TIM2_IRQHandler) refers to stm32f10x_tim.o(i.TIM_GetITStatus) for TIM_GetITStatus
    stm32f10x_it.o(i.TIM2_IRQHandler) refers to dht11.o(i.DHT11_Read_Data) for DHT11_Read_Data
    stm32f10x_it.o(i.TIM2_IRQHandler) refers to oled.o(i.OLED_Clear) for OLED_Clear
    stm32f10x_it.o(i.TIM2_IRQHandler) refers to oled_show.o(i.OLEDShowData) for OLEDShowData
    stm32f10x_it.o(i.TIM2_IRQHandler) refers to oled.o(i.OLED_ShowNum) for OLED_ShowNum
    stm32f10x_it.o(i.TIM2_IRQHandler) refers to oled.o(i.OLED_ShowString) for OLED_ShowString
    stm32f10x_it.o(i.TIM2_IRQHandler) refers to oled.o(i.OLED_Refresh) for OLED_Refresh
    stm32f10x_it.o(i.TIM2_IRQHandler) refers to rt_memclr_w.o(.text) for __aeabi_memclr4
    stm32f10x_it.o(i.TIM2_IRQHandler) refers to __2sprintf.o(.text) for __2sprintf
    stm32f10x_it.o(i.TIM2_IRQHandler) refers to strlen.o(.text) for strlen
    stm32f10x_it.o(i.TIM2_IRQHandler) refers to usart1.o(i.u1_printf) for u1_printf
    stm32f10x_it.o(i.TIM2_IRQHandler) refers to mqtt.o(i.MQTT_PublishQs0) for MQTT_PublishQs0
    stm32f10x_it.o(i.TIM2_IRQHandler) refers to stm32f10x_tim.o(i.TIM_ClearITPendingBit) for TIM_ClearITPendingBit
    stm32f10x_it.o(i.TIM2_IRQHandler) refers to mq-sensor.o(.data) for ADC_Val
[...]
    x$fpl$dnaninf                            0x08005304   Section      156  dnaninf.o(x$fpl$dnaninf)
    x$fpl$dretinf                            0x080053a0   Section       12  dretinf.o(x$fpl$dretinf)
    x$fpl$dsub                               0x080053ac   Section      468  daddsub_clz.o(x$fpl$dsub)
    _dsub1                                   0x080053bd   Thumb Code     0  daddsub_clz.o(x$fpl$dsub)
    x$fpl$printf1                            0x08005580   Section        4  printf1.o(x$fpl$printf1)
    .constdata                               0x08005584   Section     8688  oled.o(.constdata)
    x$fpl$usenofp                            0x08005584   Section        0  usenofp.o(x$fpl$usenofp)
    .constdata                               0x08007774   Section       17  __printf_flags_ss_wp.o(.constdata)
    maptable                                 0x08007774   Data          17  __printf_flags_ss_wp.o(.constdata)
    .constdata                               0x08007788   Section        8  _printf_wctomb.o(.constdata)
    initial_mbstate                          0x08007788   Data           8  _printf_wctomb.o(.constdata)
    .constdata                               0x08007790   Section       40  _printf_hex_int_ll_ptr.o(.constdata)
    uc_hextab                                0x08007790   Data          20  _printf_hex_int_ll_ptr.o(.constdata)
    lc_hextab                                0x080077a4   Data          20  _printf_hex_int_ll_ptr.o(.constdata)
    .constdata                               0x080077b8   Section      148  bigflt0.o(.constdata)
    tenpwrs_x                                0x080077b8   Data          60  bigflt0.o(.constdata)
    tenpwrs_i                                0x080077f4   Data          64  bigflt0.o(.constdata)
    .conststring                             0x0800784c   Section       54  main.o(.conststring)
    locale$$data                             0x080078a4   Section       28  lc_numeric_c.o(locale$$data)
    __lcnum_c_name                           0x080078a8   Data           2  lc_numeric_c.o(locale$$data)
    __lcnum_c_start                          0x080078b0   Data           0  lc_numeric_c.o(locale$$data)
    __lcnum_c_point                          0x080078bc   Data           0  lc_numeric_c.o(locale$$data)
    __lcnum_c_thousands                      0x080078be   Data           0  lc_numeric_c.o(locale$$data)
    __lcnum_c_grouping                       0x080078bf   Data           0  lc_numeric_c.o(locale$$data)
    locale$$data                             0x080078c0   Section      272  lc_ctype_c.o(locale$$data)
    __lcnum_c_end                            0x080078c0   Data           0  lc_numeric_c.o(locale$$data)
    __lcctype_c_name                         0x080078c4   Data           2  lc_ctype_c.o(locale$$data)
    __lcctype_c_start                        0x080078cc   Data           0  lc_ctype_c.o(locale$$data)
    __lcctype_c_end                          0x080079d0   Data           0  lc_ctype_c.o(locale$$data)
    .data                                    0x20000000   Section       32  main.o(.data)
    .data                                    0x20000020   Section        4  delay.o(.data)
    fac_us                                   0x20000020   Data           1  delay.o(.data)
    fac_ms                                   0x20000022   Data           2  delay.o(.data)
    .data                                    0x20000024   Section        8  usart2.o(.data)
    .data                                    0x2000002c   Section        1  wifi.o(.data)
    .data                                    0x20000030   Section       68  mqtt.o(.data)
    .data                                    0x20000074   Section        2  mq-sensor.o(.data)
    .data                                    0x20000078   Section       20  system_stm32f10x.o(.data)
    .data                                    0x2000008c   Section       20  stm32f10x_rcc.o(.data)
    APBAHBPrescTable                         0x2000008c   Data          16  stm32f10x_rcc.o(.data)
    ADCPrescTable                            0x2000009c   Data           4  stm32f10x_rcc.o(.data)
    .bss                                     0x200000a0   Section      256  usart1.o(.bss)
    .bss                                     0x200001a0   Section     2048  usart2.o(.bss)
    .bss                                     0x200009a0   Section     5312  mqtt.o(.bss)
    .bss                                     0x20001e60   Section     1152  oled.o(.bss)
    .bss                                     0x200022e0   Section       96  libspace.o(.bss)
    HEAP                                     0x20002340   Section      512  startup_stm32f10x_hd.o(HEAP)
    Heap_Mem                                 0x20002340   Data         512  startup_stm32f10x_hd.o(HEAP)
    STACK                                    0x20002540   Section     1024  startup_stm32f10x_hd.o(STACK)
    Stack_Mem                                0x20002540   Data        1024  startup_stm32f10x_hd.o(STACK)
    __initial_sp                             0x20002940   Data           0  startup_stm32f10x_hd.o(STACK)

    Global Symbols

    Symbol Name                              Value     Ov Type        Size  Object(Section)

    BuildAttributes$$THM_ISAv4$P$D$K$B$S$PE$A:L22UL41UL21$X:L11$S22US41US21$IEEE1$IW$USESV6$~STKCKD$USESV7$~SHL$OTIME$ROPI$IEEEJ$EBA8$UX$STANDARDLIB$REQ8$PRES8$EABIv2 0x00000000   Number         0  anon$$obj.o ABSOLUTE
    __ARM_use_no_argv                        0x00000000   Number         0  main.o ABSOLUTE
    _printf_flags                            0x00000000   Number         0  printf_stubs.o ABSOLUTE
    _printf_return_value                     0x00000000   Number         0  printf_stubs.o ABSOLUTE
    _printf_sizespec                         0x00000000   Number         0  printf_stubs.o ABSOLUTE
    _printf_widthprec                        0x00000000   Number         0  printf_stubs.o ABSOLUTE
    __ARM_exceptions_init                     - Undefined Weak Reference
    __alloca_initialize                       - Undefined Weak Reference
    __arm_preinit_                            - Undefined Weak Reference
    __cpp_initialize__aeabi_                  - Undefined Weak Reference
    __cxa_finalize                            - Undefined Weak Reference
    __sigvec_lookup                           - Undefined Weak Reference
    _atexit_init                              - Undefined Weak Reference
    _call_atexit_fns                          - Undefined Weak Reference
    _clock_init                               - Undefined Weak Reference
    _fp_trap_init                             - Undefined Weak Reference
    _fp_trap_shutdown                         - Undefined Weak Reference
    _get_lc_collate                           - Undefined Weak Reference
    _get_lc_monetary                          - Undefined Weak Reference
    _get_lc_time                              - Undefined Weak Reference
    _getenv_init                              - Undefined Weak Reference
    _handle_redirection                       - Undefined Weak Reference
    _init_alloc                               - Undefined Weak Reference
    _init_user_alloc                          - Undefined Weak Reference
    _initio                                   - Undefined Weak Reference
    _printf_fp_hex                            - Undefined Weak Reference
    _printf_mbtowc                            - Undefined Weak Reference
    _printf_wc                                - Undefined Weak Reference
    _rand_init                                - Undefined Weak Reference
    _signal_finish                            - Undefined Weak Reference
    _signal_init                              - Undefined Weak Reference
    _terminate_alloc                          - Undefined Weak Reference
    _terminate_user_alloc                     - Undefined Weak Reference
    _terminateio                              - Undefined Weak Reference
    __Vectors_Size                           0x00000130   Number         0  startup_stm32f10x_hd.o ABSOLUTE
    __Vectors                                0x08000000   Data           4  startup_stm32f10x_hd.o(RESET)
    __Vectors_End                            0x08000130   Data           0  startup_stm32f10x_hd.o(RESET)
    __main                                   0x08000131   Thumb Code     8  __main.o(!!!main)
    __scatterload                            0x08000139   Thumb Code     0  __scatter.o(!!!scatter)
    __scatterload_rt2                        0x08000139   Thumb Code    44  __scatter.o(!!!scatter)
    __scatterload_rt2_thumb_only             0x08000139   Thumb Code     0  __scatter.o(!!!scatter)
    __scatterload_null                       0x08000147   Thumb Code     0  __scatter.o(!!!scatter)
    __scatterload_copy                       0x0800016d   Thumb Code    26  __scatter_copy.o(!!handler_copy)
    __scatterload_zeroinit                   0x08000189   Thumb Code    28  __scatter_zi.o(!!handler_zi)
    _printf_n                                0x080001a5   Thumb Code     0  _printf_n.o(.ARM.Collect$$_printf_percent$$00000001)
    _printf_percent                          0x080001a5   Thumb Code     0  _printf_percent.o(.ARM.Collect$$_printf_percent$$00000000)
    _printf_p                                0x080001ab   Thumb Code     0  _printf_p.o(.ARM.Collect$$_printf_percent$$00000002)
    _printf_f                                0x080001b1   Thumb Code     0  _printf_f.o(.ARM.Collect$$_printf_percent$$00000003)
    _printf_e                                0x080001b7   Thumb Code     0  _printf_e.o(.ARM.Collect$$_printf_percent$$00000004)
    _printf_g                                0x080001bd   Thumb Code     0  _printf_g.o(.ARM.Collect$$_printf_percent$$00000005)
    _printf_a                                0x080001c3   Thumb Code     0  _printf_a.o(.ARM.Collect$$_printf_percent$$00000006)
    _printf_ll                               0x080001c9   Thumb Code     0  _printf_ll.o(.ARM.Collect$$_printf_percent$$00000007)
    _printf_i                                0x080001d3   Thumb Code     0  _printf_i.o(.ARM.Collect$$_printf_percent$$00000008)
    _printf_d                                0x080001d9   Thumb Code     0  _printf_d.o(.ARM.Collect$$_printf_percent$$00000009)
    _printf_u                                0x080001df   Thumb Code     0  _printf_u.o(.ARM.Collect$$_printf_percent$$0000000A)
    _printf_o                                0x080001e5   Thumb Code     0  _printf_o.o(.ARM.Collect$$_printf_percent$$0000000B)
    _printf_x                                0x080001eb   Thumb Code     0  _printf_x.o(.ARM.Collect$$_printf_percent$$0000000C)
    _printf_lli                              0x080001f1   Thumb Code     0  _printf_lli.o(.ARM.Collect$$_printf_percent$$0000000D)
    _printf_lld                              0x080001f7   Thumb Code     0  _printf_lld.o(.ARM.Collect$$_printf_percent$$0000000E)
    _printf_llu                              0x080001fd   Thumb Code     0  _printf_llu.o(.ARM.Collect$$_printf_percent$$0000000F)
    _printf_llo                              0x08000203   Thumb Code     0  _printf_llo.o(.ARM.Collect$$_printf_percent$$00000010)
    _printf_llx                              0x08000209   Thumb Code     0  _printf_llx.o(.ARM.Collect$$_printf_percent$$00000011)
    _printf_l                                0x0800020f   Thumb Code     0  _printf_l.o(.ARM.Collect$$_printf_percent$$00000012)
    _printf_c                                0x08000219   Thumb Code     0  _printf_c.o(.ARM.Collect$$_printf_percent$$00000013)
    _printf_s                                0x0800021f   Thumb Code     0  _printf_s.o(.ARM.Collect$$_printf_percent$$00000014)
    _printf_lc                               0x08000225   Thumb Code     0  _printf_lc.o(.ARM.Collect$$_printf_percent$$00000015)
    _printf_ls                               0x0800022b   Thumb Code     0  _printf_ls.o(.ARM.Collect$$_printf_percent$$00000016)
    _printf_percent_end                      0x08000231   Thumb Code     0  _printf_percent_end.o(.ARM.Collect$$_printf_percent$$00000017)
    __rt_lib_init                            0x08000235   Thumb Code     0  libinit.o(.ARM.Collect$$libinit$$00000000)
    __rt_lib_init_fp_1                       0x08000237   Thumb Code     0  libinit2.o(.ARM.Collect$$libinit$$00000002)
    __rt_lib_init_heap_1                     0x08000237   Thumb Code     0  libinit2.o(.ARM.Collect$$libinit$$0000000A)
    __rt_lib_init_lc_common                  0x08000237   Thumb Code     0  libinit2.o(.ARM.Collect$$libinit$$0000000F)
    __rt_lib_init_preinit_1                  0x08000237   Thumb Code     0  libinit2.o(.ARM.Collect$$libinit$$00000004)
    __rt_lib_init_rand_1                     0x08000237   Thumb Code     0  libinit2.o(.ARM.Collect$$libinit$$0000000E)
    __rt_lib_init_user_alloc_1               0x08000237   Thumb Code     0  libinit2.o(.ARM.Collect$$libinit$$0000000C)
    __rt_lib_init_lc_collate_1               0x0800023d   Thumb Code     0  libinit2.o(.ARM.Collect$$libinit$$00000011)
    __rt_lib_init_lc_ctype_2                 0x0800023d   Thumb Code     0  libinit2.o(.ARM.Collect$$libinit$$00000012)
    __rt_lib_init_lc_ctype_1                 0x08000249   Thumb Code     0  libinit2.o(.ARM.Collect$$libinit$$00000013)
    __rt_lib_init_lc_monetary_1              0x08000249   Thumb Code     0  libinit2.o(.ARM.Collect$$libinit$$00000015)
    __rt_lib_init_lc_numeric_2               0x08000249   Thumb Code     0  libinit2.o(.ARM.Collect$$libinit$$00000016)
    __rt_lib_init_alloca_1                   0x08000253   Thumb Code     0  libinit2.o(.ARM.Collect$$libinit$$0000002E)
    __rt_lib_init_argv_1                     0x08000253   Thumb Code     0  libinit2.o(.ARM.Collect$$libinit$$0000002C)
    __rt_lib_init_atexit_1                   0x08000253   Thumb Code     0  libinit2.o(.ARM.Collect$$libinit$$0000001B)
    __rt_lib_init_clock_1                    0x08000253   Thumb Code     0  libinit2.o(.ARM.Collect$$libinit$$00000021)
    __rt_lib_init_cpp_1                      0x08000253   Thumb Code     0  libinit2.o(.ARM.Collect$$libinit$$00000032)
    __rt_lib_init_exceptions_1               0x08000253   Thumb Code     0  libinit2.o(.ARM.Collect$$libinit$$00000030)
    __rt_lib_init_fp_trap_1                  0x08000253   Thumb Code     0  libinit2.o(.ARM.Collect$$libinit$$0000001F)
    __rt_lib_init_getenv_1                   0x08000253   Thumb Code     0  libinit2.o(.ARM.Collect$$libinit$$00000023)
    __rt_lib_init_lc_numeric_1               0x08000253   Thumb Code     0  libinit2.o(.ARM.Collect$$libinit$$00000017)
    __rt_lib_init_lc_time_1                  0x08000253   Thumb Code     0  libinit2.o(.ARM.Collect$$libinit$$00000019)
    __rt_lib_init_return                     0x08000253   Thumb Code     0  libinit2.o(.ARM.Collect$$libinit$$00000033)
    __rt_lib_init_signal_1                   0x08000253   Thumb Code     0  libinit2.o(.ARM.Collect$$libinit$$0000001D)
    __rt_lib_init_stdio_1                    0x08000253   Thumb Code     0  libinit2.o(.ARM.Collect$$libinit$$00000025)
    __rt_lib_shutdown                        0x08000255   Thumb Code     0  libshutdown.o(.ARM.Collect$$libshutdown$$00000000)
    __rt_lib_shutdown_fp_trap_1              0x08000257   Thumb Code     0  libshutdown2.o(.ARM.Collect$$libshutdown$$00000006)
    __rt_lib_shutdown_heap_1                 0x08000257   Thumb Code     0  libshutdown2.o(.ARM.Collect$$libshutdown$$0000000E)
    __rt_lib_shutdown_return                 0x08000257   Thumb Code     0  libshutdown2.o(.ARM.Collect$$libshutdown$$0000000F)
    __rt_lib_shutdown_signal_1               0x08000257   Thumb Code     0  libshutdown2.o(.ARM.Collect$$libshutdown$$00000009)
    __rt_lib_shutdown_stdio_1                0x08000257   Thumb Code     0  libshutdown2.o(.ARM.Collect$$libshutdown$$00000003)
    __rt_lib_shutdown_user_alloc_1           0x08000257   Thumb Code     0  libshutdown2.o(.ARM.Collect$$libshutdown$$0000000B)
    __rt_entry                               0x08000259   Thumb Code     0  __rtentry.o(.ARM.Collect$$rtentry$$00000000)
    __rt_entry_presh_1                       0x08000259   Thumb Code     0  __rtentry2.o(.ARM.Collect$$rtentry$$00000002)
    __rt_entry_sh                            0x08000259   Thumb Code     0  __rtentry4.o(.ARM.Collect$$rtentry$$00000004)
    __rt_entry_li                            0x0800025f   Thumb Code     0  __rtentry2.o(.ARM.Collect$$rtentry$$0000000A)
    __rt_entry_postsh_1                      0x0800025f   Thumb Code     0  __rtentry2.o(.ARM.Collect$$rtentry$$00000009)
    __rt_entry_main                          0x08000263   Thumb Code     0  __rtentry2.o(.ARM.Collect$$rtentry$$0000000D)
    __rt_entry_postli_1                      0x08000263   Thumb Code     0  __rtentry2.o(.ARM.Collect$$rtentry$$0000000C)
    __rt_exit                                0x0800026b   Thumb Code     0  rtexit.o(.ARM.Collect$$rtexit$$00000000)
    __rt_exit_ls                             0x0800026d   Thumb Code     0  rtexit2.o(.ARM.Collect$$rtexit$$00000003)
    __rt_exit_prels_1                        0x0800026d   Thumb Code     0  rtexit2.o(.ARM.Collect$$rtexit$$00000002)
    __rt_exit_exit                           0x08000271   Thumb Code     0  rtexit2.o(.ARM.Collect$$rtexit$$00000004)
    Reset_Handler                            0x08000279   Thumb Code     8  startup_stm32f10x_hd.o(.text)
    ADC1_2_IRQHandler                        0x08000293   Thumb Code     0  startup_stm32f10x_hd.o(.text)
    ADC3_IRQHandler                          0x08000293   Thumb Code     0  startup_stm32f10x_hd.o(.text)
    CAN1_RX1_IRQHandler                      0x08000293   Thumb Code     0  startup_stm32f10x_hd.o(.text)
    CAN1_SCE_IRQHandler                      0x08000293   Thumb Code     0  startup_stm32f10x_hd.o(.text)
    DMA1_Channel1_IRQHandler                 0x08000293   Thumb Code     0  startup_stm32f10x_hd.o(.text)
    DMA1_Channel2_IRQHandler                 0x08000293   Thumb Code     0  startup_stm32f10x_hd.o(.text)
    DMA1_Channel3_IRQHandler                 0x08000293   Thumb Code     0  startup_stm32f10x_hd.o(.text)
    DMA1_Channel4_IRQHandler                 0x08000293   Thumb Code     0  startup_stm32f10x_hd.o(.text)
    DMA1_Channel5_IRQHandler                 0x08000293   Thumb Code     0  startup_stm32f10x_hd.o(.text)
    DMA1_Channel6_IRQHandler                 0x08000293   Thumb Code     0  startup_stm32f10x_hd.o(.text)
    DMA1_Channel7_IRQHandler                 0x08000293   Thumb Code     0  startup_stm32f10x_hd.o(.text)
    DMA2_Channel1_IRQHandler                 0x08000293   Thumb Code     0  startup_stm32f10x_hd.o(.text)
    DMA2_Channel2_IRQHandler                 0x08000293   Thumb Code     0  startup_stm32f10x_hd.o(.text)
    DMA2_Channel3_IRQHandler                 0x08000293   Thumb Code     0  startup_stm32f10x_hd.o(.text)
    DMA2_Channel4_5_IRQHandler               0x08000293   Thumb Code     0  startup_stm32f10x_hd.o(.text)
    EXTI0_IRQHandler                         0x08000293   Thumb Code     0  startup_stm32f10x_hd.o(.text)
    EXTI15_10_IRQHandler                     0x08000293   Thumb Code     0  startup_stm32f10x_hd.o(.text)
    EXTI1_IRQHandler                         0x08000293   Thumb Code     0  startup_stm32f10x_hd.o(.text)
    EXTI2_IRQHandler                         0x08000293   Thumb Code     0  startup_stm32f10x_hd.o(.text)
    EXTI3_IRQHandler                         0x08000293   Thumb Code     0  startup_stm32f10x_hd.o(.text)
    EXTI4_IRQHandler                         0x08000293   Thumb Code     0  startup_stm32f10x_hd.o(.text)
    EXTI9_5_IRQHandler                       0x08000293   Thumb Code     0  startup_stm32f10x_hd.o(.text)
    FLASH_IRQHandler                         0x08000293   Thumb Code     0  startup_stm32f10x_hd.o(.text)
    FSMC_IRQHandler                          0x08000293   Thumb Code     0  startup_stm32f10x_hd.o(.text)
    I2C1_ER_IRQHandler                       0x08000293   Thumb Code     0  startup_stm32f10x_hd.o(.text)
    I2C1_EV_IRQHandler                       0x08000293   Thumb Code     0  startup_stm32f10x_hd.o(.text)
    I2C2_ER_IRQHandler                       0x08000293   Thumb Code     0  startup_stm32f10x_hd.o(.text)
    I2C2_EV_IRQHandler                       0x08000293   Thumb Code     0  startup_stm32f10x_hd.o(.text)
    PVD_IRQHandler                           0x08000293   Thumb Code     0  startup_stm32f10x_hd.o(.text)
    RCC_IRQHandler                           0x08000293   Thumb Code     0  startup_stm32f10x_hd.o(.text)
    RTCAlarm_IRQHandler                      0x08000293   Thumb Code     0  startup_stm32f10x_hd.o(.text)
    RTC_IRQHandler                           0x08000293   Thumb Code     0  startup_stm32f10x_hd.o(.text)
    SDIO_IRQHandler                          0x08000293   Thumb Code     0  startup_stm32f10x_hd.o(.text)
    SPI1_IRQHandler                          0x08000293   Thumb Code     0  startup_stm32f10x_hd.o(.text)
    SPI2_IRQHandler                          0x08000293   Thumb Code     0  startup_stm32f10x_hd.o(.text)
    SPI3_IRQHandler                          0x08000293   Thumb Code     0  startup_stm32f10x_hd.o(.text)
    TAMPER_IRQHandler                        0x08000293   Thumb Code     0  startup_stm32f10x_hd.o(.text)
    TIM1_BRK_IRQHandler                      0x08000293   Thumb Code     0  startup_stm32f10x_hd.o(.text)
    TIM1_CC_IRQHandler                       0x08000293   Thumb Code     0  startup_stm32f10x_hd.o(.text)
    TIM1_TRG_COM_IRQHandler                  0x08000293   Thumb Code     0  startup_stm32f10x_hd.o(.text)
    TIM1_UP_IRQHandler                       0x08000293   Thumb Code     0  startup_stm32f10x_hd.o(.text)
    TIM5_IRQHandler                          0x08000293   Thumb Code     0  startup_stm32f10x_hd.o(.text)
    TIM6_IRQHandler                          0x08000293   Thumb Code     0  startup_stm32f10x_hd.o(.text)
    TIM7_IRQHandler                          0x08000293   Thumb Code     0  startup_stm32f10x_hd.o(.text)
    TIM8_BRK_IRQHandler                      0x08000293   Thumb Code     0  startup_stm32f10x_hd.o(.text)
    TIM8_CC_IRQHandler                       0x08000293   Thumb Code     0  startup_stm32f10x_hd.o(.text)
    TIM8_TRG_COM_IRQHandler                  0x08000293   Thumb Code     0  startup_stm32f10x_hd.o(.text)
    TIM8_UP_IRQHandler                       0x08000293   Thumb Code     0  startup_stm32f10x_hd.o(.text)
    UART4_IRQHandler                         0x08000293   Thumb Code     0  startup_stm32f10x_hd.o(.text)
    UART5_IRQHandler                         0x08000293   Thumb Code     0  startup_stm32f10x_hd.o(.text)
    USART1_IRQHandler                        0x08000293   Thumb Code     0  startup_stm32f10x_hd.o(.text)
    USART3_IRQHandler                        0x08000293   Thumb Code     0  startup_stm32f10x_hd.o(.text)
    USBWakeUp_IRQHandler                     0x08000293   Thumb Code     0  startup_stm32f10x_hd.o(.text)
    USB_HP_CAN1_TX_IRQHandler                0x08000293   Thumb Code     0  startup_stm32f10x_hd.o(.text)
    USB_LP_CAN1_RX0_IRQHandler               0x08000293   Thumb Code     0  startup_stm32f10x_hd.o(.text)
    WWDG_IRQHandler                          0x08000293   Thumb Code     0  startup_stm32f10x_hd.o(.text)
    __user_initial_stackheap                 0x08000295   Thumb Code     0  startup_stm32f10x_hd.o(.text)
    __use_no_semihosting                     0x080002b9   Thumb Code     2  use_no_semi_2.o(.text)
    __c89vsprintf                            0x080002bd   Thumb Code    32  c89vsprintf.o(.text)
    __2sprintf                               0x080002e1   Thumb Code    38  __2sprintf.o(.text)
    _printf_str                              0x0800030d   Thumb Code    82  _printf_str.o(.text)
    _printf_int_dec                          0x08000361   Thumb Code   104  _printf_dec.o(.text)
    __printf                                 0x080003d9   Thumb Code   388  __printf_flags_ss_wp.o(.text)
    strstr                                   0x08000561   Thumb Code    36  strstr.o(.text)
    memcmp                                   0x08000585   Thumb Code    88  memcmp.o(.text)
    strlen                                   0x080005dd   Thumb Code    62  strlen.o(.text)
    __aeabi_memcpy                           0x0800061b   Thumb Code     0  rt_memcpy_v6.o(.text)
    __rt_memcpy                              0x0800061b   Thumb Code   138  rt_memcpy_v6.o(.text)
    _memcpy_lastbytes                        0x08000681   Thumb Code     0  rt_memcpy_v6.o(.text)
    __aeabi_memclr                           0x080006a5   Thumb Code     0  rt_memclr.o(.text)
    __rt_memclr                              0x080006a5   Thumb Code    68  rt_memclr.o(.text)
    _memset                                  0x080006a9   Thumb Code     0  rt_memclr.o(.text)
    __aeabi_memclr4                          0x080006e9   Thumb Code     0  rt_memclr_w.o(.text)
    __aeabi_memclr8                          0x080006e9   Thumb Code     0  rt_memclr_w.o(.text)
    __rt_memclr_w                            0x080006e9   Thumb Code    78  rt_memclr_w.o(.text)
    _memset_w                                0x080006ed   Thumb Code     0  rt_memclr_w.o(.text)
    __use_two_region_memory                  0x08000737   Thumb Code     2  heapauxi.o(.text)
    __rt_heap_escrow$2region                 0x08000739   Thumb Code     2  heapauxi.o(.text)
    __rt_heap_expand$2region                 0x0800073b   Thumb Code     2  heapauxi.o(.text)
    __I$use$semihosting                      0x0800073d   Thumb Code     0  use_no_semi.o(.text)
    __use_no_semihosting_swi                 0x0800073d   Thumb Code     2  use_no_semi.o(.text)
    _printf_pre_padding                      0x0800073f   Thumb Code    44  _printf_pad.o(.text)
    _printf_post_padding                     0x0800076b   Thumb Code    34  _printf_pad.o(.text)
    _printf_truncate_signed                  0x0800078d   Thumb Code    18  _printf_truncate.o(.text)
    _printf_truncate_unsigned                0x0800079f   Thumb Code    18  _printf_truncate.o(.text)
    _printf_int_common                       0x080007b1   Thumb Code   178  _printf_intcommon.o(.text)
    _printf_charcount                        0x08000863   Thumb Code    40  _printf_charcount.o(.text)
    _printf_char_common                      0x08000897   Thumb Code    32  _printf_char_common.o(.text)
    _sputc                                   0x080008bd   Thumb Code    10  _sputc.o(.text)
    _printf_cs_common                        0x080008c7   Thumb Code    20  _printf_char.o(.text)
    _printf_char                             0x080008db   Thumb Code    16  _printf_char.o(.text)
    _printf_string                           0x080008eb   Thumb Code     8  _printf_char.o(.text)
    _printf_wctomb                           0x080008f5   Thumb Code   182  _printf_wctomb.o(.text)
    _printf_longlong_dec                     0x080009b1   Thumb Code   108  _printf_longlong_dec.o(.text)
    _printf_longlong_oct                     0x08000a2d   Thumb Code    68  _printf_oct_int_ll.o(.text)
    _printf_int_oct                          0x08000a71   Thumb Code    24  _printf_oct_int_ll.o(.text)
    _printf_ll_oct                           0x08000a89   Thumb Code    12  _printf_oct_int_ll.o(.text)
    _printf_longlong_hex                     0x08000a9d   Thumb Code    86  _printf_hex_int_ll_ptr.o(.text)
    _printf_int_hex                          0x08000af3   Thumb Code    28  _printf_hex_int_ll_ptr.o(.text)
    _printf_ll_hex                           0x08000b0f   Thumb Code    12  _printf_hex_int_ll_ptr.o(.text)
    _printf_hex_ptr                          0x08000b1b   Thumb Code    18  _printf_hex_int_ll_ptr.o(.text)
    __aeabi_memcpy4                          0x08000b31   Thumb Code     0  rt_memcpy_w.o(.text)
    __aeabi_memcpy8                          0x08000b31   Thumb Code     0  rt_memcpy_w.o(.text)
    __rt_memcpy_w                            0x08000b31   Thumb Code   100  rt_memcpy_w.o(.text)
    _memcpy_lastbytes_aligned                0x08000b79   Thumb Code     0  rt_memcpy_w.o(.text)
    _ll_udiv10                               0x08000b95   Thumb Code   138  lludiv10.o(.text)
    __lib_sel_fp_printf                      0x08000c1f   Thumb Code     2  _printf_fp_dec.o(.text)
    _printf_fp_dec_real                      0x08000dcd   Thumb Code   620  _printf_fp_dec.o(.text)
    _printf_lcs_common                       0x08001039   Thumb Code    20  _printf_wchar.o(.text)
    _printf_wchar                            0x0800104d   Thumb Code    16  _printf_wchar.o(.text)
    _printf_wstring                          0x0800105d   Thumb Code     8  _printf_wchar.o(.text)
    _wcrtomb                                 0x08001065   Thumb Code    64  _wcrtomb.o(.text)
    __user_setup_stackheap                   0x080010a5   Thumb Code    74  sys_stackheap_outer.o(.text)
    __rt_ctype_table                         0x080010f1   Thumb Code    16  rt_ctype_table.o(.text)
    __rt_locale                              0x08001101   Thumb Code     8  rt_locale_intlibspace.o(.text)
    _printf_fp_infnan                        0x08001109   Thumb Code   112  _printf_fp_infnan.o(.text)
    _btod_etento                             0x08001189   Thumb Code   216  bigflt0.o(.text)
    exit                                     0x08001265   Thumb Code    12  exit.o(.text)
    __user_libspace                          0x08001271   Thumb Code     8  libspace.o(.text)
    __user_perproc_libspace                  0x08001271   Thumb Code     0  libspace.o(.text)
    __user_perthread_libspace                0x08001271   Thumb Code     0  libspace.o(.text)
    strcmp                                   0x08001279   Thumb Code   128  strcmpv7m.o(.text)
    _btod_d2e                                0x080012f9   Thumb Code    62  btod.o(CL$$btod_d2e)
    _d2e_denorm_low                          0x08001337   Thumb Code    70  btod.o(CL$$btod_d2e_denorm_low)
    _d2e_norm_op1                            0x0800137d   Thumb Code    96  btod.o(CL$$btod_d2e_norm_op1)
    __btod_div_common                        0x080013dd   Thumb Code   696  btod.o(CL$$btod_div_common)
    _e2e                                     0x08001715   Thumb Code   198  btod.o(CL$$btod_e2e)
    _btod_ediv                               0x080017db   Thumb Code    40  btod.o(CL$$btod_ediv)
    _btod_emul                               0x08001803   Thumb Code    40  btod.o(CL$$btod_emul)
    __btod_mult_common                       0x0800182b   Thumb Code   580  btod.o(CL$$btod_mult_common)
    ADC_Cmd                                  0x08001a6f   Thumb Code    22  stm32f10x_adc.o(i.ADC_Cmd)
    ADC_GetCalibrationStatus                 0x08001a85   Thumb Code    20  stm32f10x_adc.o(i.ADC_GetCalibrationStatus)
    ADC_GetConversionValue                   0x08001a99   Thumb Code     8  stm32f10x_adc.o(i.ADC_GetConversionValue)
    ADC_GetFlagStatus                        0x08001aa1   Thumb Code    18  stm32f10x_adc.o(i.ADC_GetFlagStatus)
    ADC_GetResetCalibrationStatus            0x08001ab3   Thumb Code    20  stm32f10x_adc.o(i.ADC_GetResetCalibrationStatus)
    ADC_Init                                 0x08001ac9   Thumb Code    70  stm32f10x_adc.o(i.ADC_Init)
    ADC_RegularChannelConfig                 0x08001b19   Thumb Code   184  stm32f10x_adc.o(i.ADC_RegularChannelConfig)
    ADC_ResetCalibration                     0x08001bd1   Thumb Code    10  stm32f10x_adc.o(i.ADC_ResetCalibration)
    ADC_SoftwareStartConvCmd                 0x08001bdb   Thumb Code    22  stm32f10x_adc.o(i.ADC_SoftwareStartConvCmd)
    ADC_StartCalibration                     0x08001bf1   Thumb Code    10  stm32f10x_adc.o(i.ADC_StartCalibration)
    ADC_Val_Disp                             0x08001bfd   Thumb Code    56  mq-sensor.o(i.ADC_Val_Disp)
    Adc_Init                                 0x08001c41   Thumb Code   126  mq-sensor.o(i.Adc_Init)
    BusFault_Handler                         0x08001cc9   Thumb Code     2  stm32f10x_it.o(i.BusFault_Handler)
    CMDBuf_Deal                              0x08001ccd   Thumb Code    96  mqtt.o(i.CMDBuf_Deal)
    DHT11_Check                              0x08001d39   Thumb Code    84  dht11.o(i.DHT11_Check)
    DHT11_IO_IN                              0x08001d91   Thumb Code    40  dht11.o(i.DHT11_IO_IN)
    DHT11_IO_OUT                             0x08001dbd   Thumb Code    30  dht11.o(i.DHT11_IO_OUT)
    DHT11_Init                               0x08001de1   Thumb Code    12  dht11.o(i.DHT11_Init)
    DHT11_Read_Bit                           0x08001ded   Thumb Code    84  dht11.o(i.DHT11_Read_Bit)
    DHT11_Read_Byte                          0x08001e45   Thumb Code    30  dht11.o(i.DHT11_Read_Byte)
    DHT11_Read_Data                          0x08001e63   Thumb Code    88  dht11.o(i.DHT11_Read_Data)
    DHT11_Rst                                0x08001ebd   Thumb Code    36  dht11.o(i.DHT11_Rst)
    DebugMon_Handler                         0x08001ee5   Thumb Code     2  stm32f10x_it.o(i.DebugMon_Handler)
    DelayMs                                  0x08001ee9   Thumb Code    72  delay.o(i.DelayMs)
    DelayUs                                  0x08001f35   Thumb Code    72  delay.o(i.DelayUs)
    Delay_Init                               0x08001f81   Thumb Code    50  delay.o(i.Delay_Init)
    GPIO_Init                                0x08001fc5   Thumb Code   278  stm32f10x_gpio.o(i.GPIO_Init)
    GPIO_ReadInputDataBit                    0x080020db   Thumb Code    18  stm32f10x_gpio.o(i.GPIO_ReadInputDataBit)
    GPIO_ResetBits                           0x080020ed   Thumb Code     4  stm32f10x_gpio.o(i.GPIO_ResetBits)
    GPIO_SetBits                             0x080020f1   Thumb Code     4  stm32f10x_gpio.o(i.GPIO_SetBits)
    GPIO_WriteBit                            0x080020f5   Thumb Code    10  stm32f10x_gpio.o(i.GPIO_WriteBit)
    Get_adcvalue                             0x08002101   Thumb Code   176  mq-sensor.o(i.Get_adcvalue)
    HardFault_Handler                        0x080021b5   Thumb Code     2  stm32f10x_it.o(i.HardFault_Handler)
    I2C_Start                                0x080021b9   Thumb Code    56  oled.o(i.I2C_Start)
    I2C_Stop                                 0x080021f5   Thumb Code    38  oled.o(i.I2C_Stop)
    I2C_WaitAck                              0x08002221   Thumb Code    46  oled.o(i.I2C_WaitAck)
    IIC_delay                                0x08002255   Thumb Code    16  oled.o(i.IIC_delay)
    IoT_Parameter_Init                       0x08002265   Thumb Code   150  mqtt.o(i.IoT_Parameter_Init)
    LED_Init                                 0x0800238d   Thumb Code    46  led.o(i.LED_Init)
    LED_ON                                   0x080023c1   Thumb Code    12  led.o(i.LED_ON)
    LED_Off                                  0x080023d1   Thumb Code    12  led.o(i.LED_Off)
    MQ4_ADC_Init                             0x080023e1   Thumb Code   136  mq_4.o(i.MQ4_ADC_Init)
    MQTT_Buff_Init                           0x08002471   Thumb Code    90  mqtt.o(i.MQTT_Buff_Init)
    MQTT_ConectPack                          0x08002521   Thumb Code   496  mqtt.o(i.MQTT_ConectPack)
    MQTT_DealPushdata_Qs0                    0x08002739   Thumb Code   234  mqtt.o(i.MQTT_DealPushdata_Qs0)
    MQTT_PingREQ                             0x08002841   Thumb Code    22  mqtt.o(i.MQTT_PingREQ)
    MQTT_PublishQs0                          0x0800285d   Thumb Code   220  mqtt.o(i.MQTT_PublishQs0)
    MQTT_Subscribe                           0x08002949   Thumb Code   134  mqtt.o(i.MQTT_Subscribe)
    MemManage_Handler                        0x080029e1   Thumb Code     2  stm32f10x_it.o(i.MemManage_Handler)
    NMI_Handler                              0x080029e3   Thumb Code     2  stm32f10x_it.o(i.NMI_Handler)
    NVIC_Init                                0x080029e5   Thumb Code   100  misc.o(i.NVIC_Init)
    NVIC_PriorityGroupConfig                 0x08002a55   Thumb Code    10  misc.o(i.NVIC_PriorityGroupConfig)
    OLEDShowConnecting                       0x08002a69   Thumb Code   116  oled_show.o(i.OLEDShowConnecting)
    OLEDShowData                             0x08002add   Thumb Code   180  oled_show.o(i.OLEDShowData)
    OLED_Clear                               0x08002b95   Thumb Code    42  oled.o(i.OLED_Clear)
    OLED_ColorTurn                           0x08002bc5   Thumb Code    28  oled.o(i.OLED_ColorTurn)
    OLED_DisplayTurn                         0x08002be1   Thumb Code    44  oled.o(i.OLED_DisplayTurn)
    OLED_DrawPoint                           0x08002c0d   Thumb Code   114  oled.o(i.OLED_DrawPoint)
    OLED_Init                                0x08002c85   Thumb Code   262  oled.o(i.OLED_Init)
    OLED_Pow                                 0x08002d91   Thumb Code    22  oled.o(i.OLED_Pow)
    OLED_Refresh                             0x08002da9   Thumb Code   100  oled.o(i.OLED_Refresh)
    OLED_ShowChar                            0x08002e11   Thumb Code   300  oled.o(i.OLED_ShowChar)
    OLED_ShowChinese                         0x08002f4d   Thumb Code   244  oled.o(i.OLED_ShowChinese)
    OLED_ShowNum                             0x08003051   Thumb Code   140  oled.o(i.OLED_ShowNum)
    OLED_ShowString                          0x080030dd   Thumb Code    74  oled.o(i.OLED_ShowString)
    OLED_WR_Byte                             0x08003127   Thumb Code    56  oled.o(i.OLED_WR_Byte)
    PendSV_Handler                           0x0800315f   Thumb Code     2  stm32f10x_it.o(i.PendSV_Handler)
    RCC_ADCCLKConfig                         0x08003161   Thumb Code    18  stm32f10x_rcc.o(i.RCC_ADCCLKConfig)
    RCC_APB1PeriphClockCmd                   0x08003179   Thumb Code    26  stm32f10x_rcc.o(i.RCC_APB1PeriphClockCmd)
    RCC_APB1PeriphResetCmd                   0x08003199   Thumb Code    26  stm32f10x_rcc.o(i.RCC_APB1PeriphResetCmd)
    RCC_APB2PeriphClockCmd                   0x080031b9   Thumb Code    26  stm32f10x_rcc.o(i.RCC_APB2PeriphClockCmd)
    RCC_APB2PeriphResetCmd                   0x080031d9   Thumb Code    26  stm32f10x_rcc.o(i.RCC_APB2PeriphResetCmd)
    RCC_GetClocksFreq                        0x080031f9   Thumb Code   192  stm32f10x_rcc.o(i.RCC_GetClocksFreq)
    ReadFlameSensorStatus                    0x080032cd   Thumb Code    18  fire.o(i.ReadFlameSensorStatus)
    Read_MQ4_DOUT_Data                       0x080032e5   Thumb Code    18  mq_4.o(i.Read_MQ4_DOUT_Data)
    SVC_Handler                              0x080032fd   Thumb Code     2  stm32f10x_it.o(i.SVC_Handler)
    Send_Byte                                0x08003301   Thumb Code    78  oled.o(i.Send_Byte)
    Send_FireData                            0x08003355   Thumb Code   114  control.o(i.Send_FireData)
    Send_beepData                            0x080033f9   Thumb Code   114  control.o(i.Send_beepData)
    SysTick_CLKSourceConfig                  0x08003585   Thumb Code    40  misc.o(i.SysTick_CLKSourceConfig)
    SysTick_Handler                          0x080035ad   Thumb Code     2  stm32f10x_it.o(i.SysTick_Handler)
    SystemInit                               0x080035b1   Thumb Code    78  system_stm32f10x.o(i.SystemInit)
    TIM2_ENABLE_10S                          0x08003611   Thumb Code   118  timer2.o(i.TIM2_ENABLE_10S)
    TIM2_IRQHandler                          0x08003689   Thumb Code   300  stm32f10x_it.o(i.TIM2_IRQHandler)
    TIM3_ENABLE_2S                           0x0800380d   Thumb Code   116  timer3.o(i.TIM3_ENABLE_2S)
    TIM3_ENABLE_30S                          0x08003885   Thumb Code   114  timer3.o(i.TIM3_ENABLE_30S)
    TIM3_IRQHandler                          0x080038fd   Thumb Code    94  stm32f10x_it.o(i.TIM3_IRQHandler)
    TIM4_IRQHandler                          0x08003969   Thumb Code   122  stm32f10x_it.o(i.TIM4_IRQHandler)
    TIM4_Init                                0x08003a01   Thumb Code   106  timer4.o(i.TIM4_Init)
    TIM_ClearITPendingBit                    0x08003a71   Thumb Code     6  stm32f10x_tim.o(i.TIM_ClearITPendingBit)
    TIM_Cmd                                  0x08003a77   Thumb Code    24  stm32f10x_tim.o(i.TIM_Cmd)
    TIM_DeInit                               0x08003a91   Thumb Code   424  stm32f10x_tim.o(i.TIM_DeInit)
    TIM_GetITStatus                          0x08003c79   Thumb Code    34  stm32f10x_tim.o(i.TIM_GetITStatus)
    TIM_ITConfig                             0x08003c9b   Thumb Code    18  stm32f10x_tim.o(i.TIM_ITConfig)
    TIM_SetCounter                           0x08003cad   Thumb Code     4  stm32f10x_tim.o(i.TIM_SetCounter)
    TIM_TimeBaseInit                         0x08003cb1   Thumb Code   122  stm32f10x_tim.o(i.TIM_TimeBaseInit)
    TxDataBuf_Deal                           0x08003d55   Thumb Code    86  mqtt.o(i.TxDataBuf_Deal)
    USART2_IRQHandler                        0x08003db9   Thumb Code   104  stm32f10x_it.o(i.USART2_IRQHandler)
    USART_ClearFlag                          0x08003e35   Thumb Code    18  stm32f10x_usart.o(i.USART_ClearFlag)
    USART_Cmd                                0x08003e47   Thumb Code    24  stm32f10x_usart.o(i.USART_Cmd)
    USART_DeInit                             0x08003e61   Thumb Code   134  stm32f10x_usart.o(i.USART_DeInit)
    USART_GetITStatus                        0x08003efd   Thumb Code    84  stm32f10x_usart.o(i.USART_GetITStatus)
    USART_ITConfig                           0x08003f51   Thumb Code    74  stm32f10x_usart.o(i.USART_ITConfig)
    USART_Init                               0x08003f9d   Thumb Code   210  stm32f10x_usart.o(i.USART_Init)
    UsageFault_Handler                       0x08004075   Thumb Code     2  stm32f10x_it.o(i.UsageFault_Handler)
    Usart1_Init                              0x08004079   Thumb Code   118  usart1.o(i.Usart1_Init)
    Usart2_Init                              0x080040f9   Thumb Code   176  usart2.o(i.Usart2_Init)
    WiFi_Connect_IoTServer                   0x080041b1   Thumb Code   240  wifi.o(i.WiFi_Connect_IoTServer)
    WiFi_Connect_Server                      0x080044a9   Thumb Code   190  wifi.o(i.WiFi_Connect_Server)
    WiFi_JoinAP                              0x080045fd   Thumb Code    96  wifi.o(i.WiFi_JoinAP)
    WiFi_Reset                               0x080046a1   Thumb Code    88  wifi.o(i.WiFi_Reset)
    WiFi_ResetIO_Init                        0x08004711   Thumb Code    48  wifi.o(i.WiFi_ResetIO_Init)
    WiFi_SendCmd                             0x08004745   Thumb Code    86  wifi.o(i.WiFi_SendCmd)
    __ARM_fpclassify                         0x080047b9   Thumb Code    40  fpclassify.o(i.__ARM_fpclassify)
    _is_digit                                0x080047e1   Thumb Code    14  __printf_wp.o(i._is_digit)
    _sys_exit                                0x080047ef   Thumb Code     4  usart1.o(i._sys_exit)
    bmp_Init                                 0x080047f5   Thumb Code    38  bmp.o(i.bmp_Init)
    bmp_start                                0x08004821   Thumb Code    14  bmp.o(i.bmp_start)
    bmp_stop                                 0x08004835   Thumb Code    14  bmp.o(i.bmp_stop)
    main                                     0x08004849   Thumb Code   968  main.o(i.main)
    u1_printf                                0x08004e91   Thumb Code    84  usart1.o(i.u1_printf)
    u2_TxData                                0x08004eed   Thumb Code    58  usart2.o(i.u2_TxData)
    u2_printf                                0x08004f2d   Thumb Code    84  usart2.o(i.u2_printf)
    _get_lc_numeric                          0x08004f89   Thumb Code    44  lc_numeric_c.o(locale$$code)
    _get_lc_ctype                            0x08004fb5   Thumb Code    44  lc_ctype_c.o(locale$$code)
    __aeabi_dadd                             0x08004fe1   Thumb Code     0  daddsub_clz.o(x$fpl$dadd)
    _dadd                                    0x08004fe1   Thumb Code   332  daddsub_clz.o(x$fpl$dadd)
    __aeabi_d2uiz                            0x08005131   Thumb Code     0  dfixu.o(x$fpl$dfixu)
    _dfixu                                   0x08005131   Thumb Code    90  dfixu.o(x$fpl$dfixu)
    __aeabi_ui2d                             0x0800518b   Thumb Code     0  dflt_clz.o(x$fpl$dfltu)
    _dfltu                                   0x0800518b   Thumb Code    38  dflt_clz.o(x$fpl$dfltu)
    __aeabi_dmul                             0x080051b1   Thumb Code     0  dmul.o(x$fpl$dmul)
    _dmul                                    0x080051b1   Thumb Code   332  dmul.o(x$fpl$dmul)
    __fpl_dnaninf                            0x08005305   Thumb Code   156  dnaninf.o(x$fpl$dnaninf)
    __fpl_dretinf                            0x080053a1   Thumb Code    12  dretinf.o(x$fpl$dretinf)
    __aeabi_dsub                             0x080053ad   Thumb Code     0  daddsub_clz.o(x$fpl$dsub)
    _dsub                                    0x080053ad   Thumb Code   464  daddsub_clz.o(x$fpl$dsub)
    _printf_fp_dec                           0x08005581   Thumb Code     4  printf1.o(x$fpl$printf1)
    __I$use$fp                               0x08005584   Number         0  usenofp.o(x$fpl$usenofp)
    asc2_0806                                0x08005584   Data         552  oled.o(.constdata)
    asc2_1206                                0x080057ac   Data        1140  oled.o(.constdata)
    asc2_1608                                0x08005c20   Data        1520  oled.o(.constdata)
    asc2_2412                                0x08006210   Data        3420  oled.o(.constdata)
    Hzk1                                     0x08006f6c   Data        1344  oled.o(.constdata)
    Hzk2                                     0x080074ac   Data          72  oled.o(.constdata)
    Hzk3                                     0x080074f4   Data         128  oled.o(.constdata)
    Hzk4                                     0x08007574   Data         512  oled.o(.constdata)
    Region$$Table$$Base                      0x08007884   Number         0  anon$$obj.o(Region$$Table)
    Region$$Table$$Limit                     0x080078a4   Number         0  anon$$obj.o(Region$$Table)
    __ctype                                  0x080078cd   Data           0  lc_ctype_c.o(locale$$data)
    cmdLED_On                                0x20000000   Data           4  main.o(.data)
    cmdLED_Off                               0x20000004   Data           4  main.o(.data)
    cmdDHT11_On                              0x20000008   Data           4  main.o(.data)
    cmdDHT11_Off                             0x2000000c   Data           4  main.o(.data)
    cmdBMP_Start                             0x20000010   Data           4  main.o(.data)
    cmdBMP_Stop                              0x20000014   Data           4  main.o(.data)
    ledFlag                                  0x20000018   Data           4  main.o(.data)
    dhtFlag                                  0x2000001c   Data           4  main.o(.data)
    Usart2_RxCompleted                       0x20000024   Data           1  usart2.o(.data)
    Usart2_RxCounter                         0x20000028   Data           4  usart2.o(.data)
    wifi_mode                                0x2000002c   Data           1  wifi.o(.data)
    MQTT_RxDataInPtr                         0x20000030   Data           4  mqtt.o(.data)
    MQTT_RxDataOutPtr                        0x20000034   Data           4  mqtt.o(.data)
    MQTT_RxDataEndPtr                        0x20000038   Data           4  mqtt.o(.data)
    MQTT_TxDataInPtr                         0x2000003c   Data           4  mqtt.o(.data)
    MQTT_TxDataOutPtr                        0x20000040   Data           4  mqtt.o(.data)
    MQTT_TxDataEndPtr                        0x20000044   Data           4  mqtt.o(.data)
    MQTT_CMDInPtr                            0x20000048   Data           4  mqtt.o(.data)
    MQTT_CMDOutPtr                           0x2000004c   Data           4  mqtt.o(.data)
    MQTT_CMDEndPtr                           0x20000050   Data           4  mqtt.o(.data)
    ClientID_len                             0x20000054   Data           4  mqtt.o(.data)
    Username_len                             0x20000058   Data           4  mqtt.o(.data)
    Passward_len                             0x2000005c   Data           4  mqtt.o(.data)
    ServerPort                               0x20000060   Data           4  mqtt.o(.data)
    Fixed_len                                0x20000064   Data           4  mqtt.o(.data)
    Variable_len                             0x20000068   Data           4  mqtt.o(.data)
    Payload_len                              0x2000006c   Data           4  mqtt.o(.data)
    pingFlag                                 0x20000070   Data           1  mqtt.o(.data)
    connectFlag                              0x20000071   Data           1  mqtt.o(.data)
    connectPackFlag                          0x20000072   Data           1  mqtt.o(.data)
    subcribePackFlag                         0x20000073   Data           1  mqtt.o(.data)
    ADC_Val                                  0x20000074   Data           2  mq-sensor.o(.data)
    SystemCoreClock                          0x20000078   Data           4  system_stm32f10x.o(.data)
    AHBPrescTable                            0x2000007c   Data          16  system_stm32f10x.o(.data)
    Usart1_TxBuff                            0x200000a0   Data         256  usart1.o(.bss)
    Usart2_RxBuff                            0x200001a0   Data        1024  usart2.o(.bss)
    USART2_TxBuff                            0x200005a0   Data        1024  usart2.o(.bss)
    MQTT_RxDataBuf                           0x200009a0   Data        1500  mqtt.o(.bss)
    MQTT_TxDataBuf                           0x20000f7c   Data        1500  mqtt.o(.bss)
    MQTT_CMDBuf                              0x20001558   Data        1500  mqtt.o(.bss)
    ClientID                                 0x20001b34   Data         128  mqtt.o(.bss)
    Username                                 0x20001bb4   Data         128  mqtt.o(.bss)
    Passward                                 0x20001c34   Data         128  mqtt.o(.bss)
    ServerIP                                 0x20001cb4   Data         128  mqtt.o(.bss)
    temp_buff                                0x20001d34   Data         300  mqtt.o(.bss)
    OLED_GRAM                                0x20001e60   Data        1152  oled.o(.bss)
    __libspace_start                         0x200022e0   Data          96  libspace.o(.bss)
    __temporary_stack_top$libspace           0x20002340   Data           0  libspace.o(.bss)



==============================================================================

Memory Map of the image

  Image Entry point : 0x08000279

  Load Region LR_1 (Base: 0x08000000, Size: 0x00007a70, Max: 0xffffffff, ABSOLUTE)

    Execution Region ER_RO (Exec base: 0x08000000, Load base: 0x08000000, Size: 0x000079d0, Max: 0xffffffff, ABSOLUTE)

    Exec Addr    Load Addr    Size         Type   Attr      Idx    E Section Name        Object

    0x08000000   0x08000000   0x00000130   Data   RO          975    RESET               startup_stm32f10x_hd.o
    0x08000130   0x08000130   0x00000008   Code   RO         2440  * !!!main             c_w.l(__main.o)
    0x08000138   0x08000138   0x00000034   Code   RO         2755    !!!scatter          c_w.l(__scatter.o)
    0x0800016c   0x0800016c   0x0000001a   Code   RO         2757    !!handler_copy      c_w.l(__scatter_copy.o)
    0x08000186   0x08000186   0x00000002   PAD
    0x08000188   0x08000188   0x0000001c   Code   RO         2759    !!handler_zi        c_w.l(__scatter_zi.o)
    0x080001a4   0x080001a4   0x00000000   Code   RO         2425    .ARM.Collect$$_printf_percent$$00000000  c_w.l(_printf_percent.o)
    0x080001a4   0x080001a4   0x00000006   Code   RO         2517    .ARM.Collect$$_printf_percent$$00000001  c_w.l(_printf_n.o)
    0x080001aa   0x080001aa   0x00000006   Code   RO         2519    .ARM.Collect$$_printf_percent$$00000002  c_w.l(_printf_p.o)
    0x080001b0   0x080001b0   0x00000006   Code   RO         2523    .ARM.Collect$$_printf_percent$$00000003  c_w.l(_printf_f.o)
    0x080001b6   0x080001b6   0x00000006   Code   RO         2524    .ARM.Collect$$_printf_percent$$00000004  c_w.l(_printf_e.o)
    0x080001bc   0x080001bc   0x00000006   Code   RO         2525    .ARM.Collect$$_printf_percent$$00000005  c_w.l(_printf_g.o)
    0x080001c2   0x080001c2   0x00000006   Code   RO         2526    .ARM.Collect$$_printf_percent$$00000006  c_w.l(_printf_a.o)
    0x080001c8   0x080001c8   0x0000000a   Code   RO         2531    .ARM.Collect$$_printf_percent$$00000007  c_w.l(_printf_ll.o)
    0x080001d2   0x080001d2   0x00000006   Code   RO         2521    .ARM.Collect$$_printf_percent$$00000008  c_w.l(_printf_i.o)
    0x080001d8   0x080001d8   0x00000006   Code   RO         2424    .ARM.Collect$$_printf_percent$$00000009  c_w.l(_printf_d.o)
    0x080001de   0x080001de   0x00000006   Code   RO         2522    .ARM.Collect$$_printf_percent$$0000000A  c_w.l(_printf_u.o)
    0x080001e4   0x080001e4   0x00000006   Code   RO         2520    .ARM.Collect$$_printf_percent$$0000000B  c_w.l(_printf_o.o)
    0x080001ea   0x080001ea   0x00000006   Code   RO         2518    .ARM.Collect$$_printf_percent$$0000000C  c_w.l(_printf_x.o)
    0x080001f0   0x080001f0   0x00000006   Code   RO         2528    .ARM.Collect$$_printf_percent$$0000000D  c_w.l(_printf_lli.o)
    0x080001f6   0x080001f6   0x00000006   Code   RO         2529    .ARM.Collect$$_printf_percent$$0000000E  c_w.l(_printf_lld.o)
    0x080001fc   0x080001fc   0x00000006   Code   RO         2530    .ARM.Collect$$_printf_percent$$0000000F  c_w.l(_printf_llu.o)
    0x08000202   0x08000202   0x00000006   Code   RO         2535    .ARM.Collect$$_printf_percent$$00000010  c_w.l(_printf_llo.o)
    0x08000208   0x08000208   0x00000006   Code   RO         2536    .ARM.Collect$$_printf_percent$$00000011  c_w.l(_printf_llx.o)
    0x0800020e   0x0800020e   0x0000000a   Code   RO         2532    .ARM.Collect$$_printf_percent$$00000012  c_w.l(_printf_l.o)
    0x08000218   0x08000218   0x00000006   Code   RO         2422    .ARM.Collect$$_printf_percent$$00000013  c_w.l(_printf_c.o)
    0x0800021e   0x0800021e   0x00000006   Code   RO         2423    .ARM.Collect$$_printf_percent$$00000014  c_w.l(_printf_s.o)
    0x08000224   0x08000224   0x00000006   Code   RO         2533    .ARM.Collect$$_printf_percent$$00000015  c_w.l(_printf_lc.o)
    0x0800022a   0x0800022a   0x00000006   Code   RO         2534    .ARM.Collect$$_printf_percent$$00000016  c_w.l(_printf_ls.o)
    0x08000230   0x08000230   0x00000004   Code   RO         2527    .ARM.Collect$$_printf_percent$$00000017  c_w.l(_printf_percent_end.o)
    0x08000234   0x08000234   0x00000002   Code   RO         2621    .ARM.Collect$$libinit$$00000000  c_w.l(libinit.o)
    0x08000236   0x08000236   0x00000000   Code   RO         2637    .ARM.Collect$$libinit$$00000002  c_w.l(libinit2.o)
    0x08000236   0x08000236   0x00000000   Code   RO         2639    .ARM.Collect$$libinit$$00000004  c_w.l(libinit2.o)
    0x08000236   0x08000236   0x00000000   Code   RO         2642    .ARM.Collect$$libinit$$0000000A  c_w.l(libinit2.o)
    0x08000236   0x08000236   0x00000000   Code   RO         2644    .ARM.Collect$$libinit$$0000000C  c_w.l(libinit2.o)
    0x08000236   0x08000236   0x00000000   Code   RO         2646    .ARM.Collect$$libinit$$0000000E  c_w.l(libinit2.o)
    0x08000236   0x08000236   0x00000006   Code   RO         2647    .ARM.Collect$$libinit$$0000000F  c_w.l(libinit2.o)
    0x0800023c   0x0800023c   0x00000000   Code   RO         2649    .ARM.Collect$$libinit$$00000011  c_w.l(libinit2.o)
    0x0800023c   0x0800023c   0x0000000c   Code   RO         2650    .ARM.Collect$$libinit$$00000012  c_w.l(libinit2.o)
    0x08000248   0x08000248   0x00000000   Code   RO         2651    .ARM.Collect$$libinit$$00000013  c_w.l(libinit2.o)
    0x08000248   0x08000248   0x00000000   Code   RO         2653    .ARM.Collect$$libinit$$00000015  c_w.l(libinit2.o)
    0x08000248   0x08000248   0x0000000a   Code   RO         2654    .ARM.Collect$$libinit$$00000016  c_w.l(libinit2.o)
    0x08000252   0x08000252   0x00000000   Code   RO         2655    .ARM.Collect$$libinit$$00000017  c_w.l(libinit2.o)
    0x08000252   0x08000252   0x00000000   Code   RO         2657    .ARM.Collect$$libinit$$00000019  c_w.l(libinit2.o)
    0x08000252   0x08000252   0x00000000   Code   RO         2659    .ARM.Collect$$libinit$$0000001B  c_w.l(libinit2.o)
    0x08000252   0x08000252   0x00000000   Code   RO         2661    .ARM.Collect$$libinit$$0000001D  c_w.l(libinit2.o)
    0x08000252   0x08000252   0x00000000   Code   RO         2663    .ARM.Collect$$libinit$$0000001F  c_w.l(libinit2.o)
    0x08000252   0x08000252   0x00000000   Code   RO         2665    .ARM.Collect$$libinit$$00000021  c_w.l(libinit2.o)
    0x08000252   0x08000252   0x00000000   Code   RO         2667    .ARM.Collect$$libinit$$00000023  c_w.l(libinit2.o)
    0x08000252   0x08000252   0x00000000   Code   RO         2669    .ARM.Collect$$libinit$$00000025  c_w.l(libinit2.o)
    0x08000252   0x08000252   0x00000000   Code   RO         2673    .ARM.Collect$$libinit$$0000002C  c_w.l(libinit2.o)
    0x08000252   0x08000252   0x00000000   Code   RO         2675    .ARM.Collect$$libinit$$0000002E  c_w.l(libinit2.o)
    0x08000252   0x08000252   0x00000000   Code   RO         2677    .ARM.Collect$$libinit$$00000030  c_w.l(libinit2.o)
    0x08000252   0x08000252   0x00000000   Code   RO         2679    .ARM.Collect$$libinit$$00000032  c_w.l(libinit2.o)
    0x08000252   0x08000252   0x00000002   Code   RO         2680    .ARM.Collect$$libinit$$00000033  c_w.l(libinit2.o)
    0x08000254   0x08000254   0x00000002   Code   RO         2698    .ARM.Collect$$libshutdown$$00000000  c_w.l(libshutdown.o)
    0x08000256   0x08000256   0x00000000   Code   RO         2709    .ARM.Collect$$libshutdown$$00000003  c_w.l(libshutdown2.o)
    0x08000256   0x08000256   0x00000000   Code   RO         2712    .ARM.Collect$$libshutdown$$00000006  c_w.l(libshutdown2.o)
    0x08000256   0x08000256   0x00000000   Code   RO         2715    .ARM.Collect$$libshutdown$$00000009  c_w.l(libshutdown2.o)
    0x08000256   0x08000256   0x00000000   Code   RO         2717    .ARM.Collect$$libshutdown$$0000000B  c_w.l(libshutdown2.o)
    0x08000256   0x08000256   0x00000000   Code   RO         2720    .ARM.Collect$$libshutdown$$0000000E  c_w.l(libshutdown2.o)
    0x08000256   0x08000256   0x00000002   Code   RO         2721    .ARM.Collect$$libshutdown$$0000000F  c_w.l(libshutdown2.o)
    0x08000258   0x08000258   0x00000000   Code   RO         2470    .ARM.Collect$$rtentry$$00000000  c_w.l(__rtentry.o)
    0x08000258   0x08000258   0x00000000   Code   RO         2551    .ARM.Collect$$rtentry$$00000002  c_w.l(__rtentry2.o)
    0x08000258   0x08000258   0x00000006   Code   RO         2563    .ARM.Collect$$rtentry$$00000004  c_w.l(__rtentry4.o)
    0x0800025e   0x0800025e   0x00000000   Code   RO         2553    .ARM.Collect$$rtentry$$00000009  c_w.l(__rtentry2.o)
    0x0800025e   0x0800025e   0x00000004   Code   RO         2554    .ARM.Collect$$rtentry$$0000000A  c_w.l(__rtentry2.o)
    0x08000262   0x08000262   0x00000000   Code   RO         2556    .ARM.Collect$$rtentry$$0000000C  c_w.l(__rtentry2.o)
    0x08000262   0x08000262   0x00000008   Code   RO         2557    .ARM.Collect$$rtentry$$0000000D  c_w.l(__rtentry2.o)
    0x0800026a   0x0800026a   0x00000002   Code   RO         2629    .ARM.Collect$$rtexit$$00000000  c_w.l(rtexit.o)
    0x0800026c   0x0800026c   0x00000000   Code   RO         2682    .ARM.Collect$$rtexit$$00000002  c_w.l(rtexit2.o)
    0x0800026c   0x0800026c   0x00000004   Code   RO         2683    .ARM.Collect$$rtexit$$00000003  c_w.l(rtexit2.o)
    0x08000270   0x08000270   0x00000006   Code   RO         2684    .ARM.Collect$$rtexit$$00000004  c_w.l(rtexit2.o)
    0x08000276   0x08000276   0x00000002   PAD
    0x08000278   0x08000278   0x00000040   Code   RO          976  * .text               startup_stm32f10x_hd.o
    0x080002b8   0x080002b8   0x00000002   Code   RO         2388    .text               c_w.l(use_no_semi_2.o)
    0x080002ba   0x080002ba   0x00000002   PAD
    0x080002bc   0x080002bc   0x00000024   Code   RO         2390    .text               c_w.l(c89vsprintf.o)
    0x080002e0   0x080002e0   0x0000002c   Code   RO         2392    .text               c_w.l(__2sprintf.o)
    0x0800030c   0x0800030c   0x00000052   Code   RO         2398    .text               c_w.l(_printf_str.o)
    0x0800035e   0x0800035e   0x00000002   PAD
    0x08000360   0x08000360   0x00000078   Code   RO         2400    .text               c_w.l(_printf_dec.o)
    0x080003d8   0x080003d8   0x00000188   Code   RO         2419    .text               c_w.l(__printf_flags_ss_wp.o)
    0x08000560   0x08000560   0x00000024   Code   RO         2426    .text               c_w.l(strstr.o)
    0x08000584   0x08000584   0x00000058   Code   RO         2428    .text               c_w.l(memcmp.o)
    0x080005dc   0x080005dc   0x0000003e   Code   RO         2430    .text               c_w.l(strlen.o)
    0x0800061a   0x0800061a   0x0000008a   Code   RO         2432    .text               c_w.l(rt_memcpy_v6.o)
    0x080006a4   0x080006a4   0x00000044   Code   RO         2434    .text               c_w.l(rt_memclr.o)
    0x080006e8   0x080006e8   0x0000004e   Code   RO         2436    .text               c_w.l(rt_memclr_w.o)
    0x08000736   0x08000736   0x00000006   Code   RO         2438    .text               c_w.l(heapauxi.o)
    0x0800073c   0x0800073c   0x00000002   Code   RO         2468    .text               c_w.l(use_no_semi.o)
    0x0800073e   0x0800073e   0x0000004e   Code   RO         2471    .text               c_w.l(_printf_pad.o)
    0x0800078c   0x0800078c   0x00000024   Code   RO         2473    .text               c_w.l(_printf_truncate.o)
    0x080007b0   0x080007b0   0x000000b2   Code   RO         2475    .text               c_w.l(_printf_intcommon.o)
    0x08000862   0x08000862   0x00000028   Code   RO         2477    .text               c_w.l(_printf_charcount.o)
    0x0800088a   0x0800088a   0x00000002   PAD
    0x0800088c   0x0800088c   0x00000030   Code   RO         2479    .text               c_w.l(_printf_char_common.o)
    0x080008bc   0x080008bc   0x0000000a   Code   RO         2481    .text               c_w.l(_sputc.o)
    0x080008c6   0x080008c6   0x0000002c   Code   RO         2483    .text               c_w.l(_printf_char.o)
    0x080008f2   0x080008f2   0x00000002   PAD
    0x080008f4   0x080008f4   0x000000bc   Code   RO         2485    .text               c_w.l(_printf_wctomb.o)
    0x080009b0   0x080009b0   0x0000007c   Code   RO         2488    .text               c_w.l(_printf_longlong_dec.o)
    0x08000a2c   0x08000a2c   0x00000070   Code   RO         2494    .text               c_w.l(_printf_oct_int_ll.o)
    0x08000a9c   0x08000a9c   0x00000094   Code   RO         2514    .text               c_w.l(_printf_hex_int_ll_ptr.o)
    0x08000b30   0x08000b30   0x00000064   Code   RO         2537    .text               c_w.l(rt_memcpy_w.o)
    0x08000b94   0x08000b94   0x0000008a   Code   RO         2565    .text               c_w.l(lludiv10.o)
    0x08000c1e   0x08000c1e   0x0000041a   Code   RO         2567    .text               c_w.l(_printf_fp_dec.o)
    0x08001038   0x08001038   0x0000002c   Code   RO         2571    .text               c_w.l(_printf_wchar.o)
    0x08001064   0x08001064   0x00000040   Code   RO         2573    .text               c_w.l(_wcrtomb.o)
    0x080010a4   0x080010a4   0x0000004a   Code   RO         2575    .text               c_w.l(sys_stackheap_outer.o)
    0x080010ee   0x080010ee   0x00000002   PAD
    0x080010f0   0x080010f0   0x00000010   Code   RO         2577    .text               c_w.l(rt_ctype_table.o)
    0x08001100   0x08001100   0x00000008   Code   RO         2582    .text               c_w.l(rt_locale_intlibspace.o)
    0x08001108   0x08001108   0x00000080   Code   RO         2584    .text               c_w.l(_printf_fp_infnan.o)
    0x08001188   0x08001188   0x000000dc   Code   RO         2586    .text               c_w.l(bigflt0.o)
    0x08001264   0x08001264   0x0000000c   Code   RO         2614    .text               c_w.l(exit.o)
    0x08001270   0x08001270   0x00000008   Code   RO         2626    .text               c_w.l(libspace.o)
    0x08001278   0x08001278   0x00000080   Code   RO         2634    .text               c_w.l(strcmpv7m.o)
    0x080012f8   0x080012f8   0x0000003e   Code   RO         2589    CL$$btod_d2e        c_w.l(btod.o)
    0x08001336   0x08001336   0x00000046   Code   RO         2591    CL$$btod_d2e_denorm_low  c_w.l(btod.o)
    0x0800137c   0x0800137c   0x00000060   Code   RO         2590    CL$$btod_d2e_norm_op1  c_w.l(btod.o)
    0x080013dc   0x080013dc   0x00000338   Code   RO         2599    CL$$btod_div_common  c_w.l(btod.o)
    0x08001714   0x08001714   0x000000c6   Code   RO         2596    CL$$btod_e2e        c_w.l(btod.o)
    0x080017da   0x080017da   0x00000028   Code   RO         2593    CL$$btod_ediv       c_w.l(btod.o)
    0x08001802   0x08001802   0x00000028   Code   RO         2592    CL$$btod_emul       c_w.l(btod.o)
    0x0800182a   0x0800182a   0x00000244   Code   RO         2598    CL$$btod_mult_common  c_w.l(btod.o)
    0x08001a6e   0x08001a6e   0x00000016   Code   RO         2142    i.ADC_Cmd           stm32f10x_adc.o
    0x08001a84   0x08001a84   0x00000014   Code   RO         2150    i.ADC_GetCalibrationStatus  stm32f10x_adc.o
    0x08001a98   0x08001a98   0x00000008   Code   RO         2151    i.ADC_GetConversionValue  stm32f10x_adc.o
    0x08001aa0   0x08001aa0   0x00000012   Code   RO         2153    i.ADC_GetFlagStatus  stm32f10x_adc.o
    0x08001ab2   0x08001ab2   0x00000014   Code   RO         2156    i.ADC_GetResetCalibrationStatus  stm32f10x_adc.o
    0x08001ac6   0x08001ac6   0x00000002   PAD
    0x08001ac8   0x08001ac8   0x00000050   Code   RO         2160    i.ADC_Init          stm32f10x_adc.o
    0x08001b18   0x08001b18   0x000000b8   Code   RO         2164    i.ADC_RegularChannelConfig  stm32f10x_adc.o
    0x08001bd0   0x08001bd0   0x0000000a   Code   RO         2165    i.ADC_ResetCalibration  stm32f10x_adc.o
    0x08001bda   0x08001bda   0x00000016   Code   RO         2167    i.ADC_SoftwareStartConvCmd  stm32f10x_adc.o
    0x08001bf0   0x08001bf0   0x0000000a   Code   RO         2169    i.ADC_StartCalibration  stm32f10x_adc.o
    0x08001bfa   0x08001bfa   0x00000002   PAD
    0x08001bfc   0x08001bfc   0x00000044   Code   RO          659    i.ADC_Val_Disp      mq-sensor.o
    0x08001c40   0x08001c40   0x00000088   Code   RO          660    i.Adc_Init          mq-sensor.o
    0x08001cc8   0x08001cc8   0x00000002   Code   RO          176    i.BusFault_Handler  stm32f10x_it.o
    0x08001cca   0x08001cca   0x00000002   PAD
    0x08001ccc   0x08001ccc   0x0000006c   Code   RO          472    i.CMDBuf_Deal       mqtt.o
    0x08001d38   0x08001d38   0x00000058   Code   RO          550    i.DHT11_Check       dht11.o
    0x08001d90   0x08001d90   0x0000002c   Code   RO          551    i.DHT11_IO_IN       dht11.o
    0x08001dbc   0x08001dbc   0x00000024   Code   RO          552    i.DHT11_IO_OUT      dht11.o
    0x08001de0   0x08001de0   0x0000000c   Code   RO          553    i.DHT11_Init        dht11.o
    0x08001dec   0x08001dec   0x00000058   Code   RO          554    i.DHT11_Read_Bit    dht11.o
    0x08001e44   0x08001e44   0x0000001e   Code   RO          555    i.DHT11_Read_Byte   dht11.o
    0x08001e62   0x08001e62   0x00000058   Code   RO          556    i.DHT11_Read_Data   dht11.o
    0x08001eba   0x08001eba   0x00000002   PAD
    0x08001ebc   0x08001ebc   0x00000028   Code   RO          557    i.DHT11_Rst         dht11.o
    0x08001ee4   0x08001ee4   0x00000002   Code   RO          177    i.DebugMon_Handler  stm32f10x_it.o
    0x08001ee6   0x08001ee6   0x00000002   PAD
    0x08001ee8   0x08001ee8   0x0000004c   Code   RO          268    i.DelayMs           delay.o
    0x08001f34   0x08001f34   0x0000004c   Code   RO          269    i.DelayUs           delay.o
    0x08001f80   0x08001f80   0x00000044   Code   RO          270    i.Delay_Init        delay.o
    0x08001fc4   0x08001fc4   0x00000116   Code   RO         1950    i.GPIO_Init         stm32f10x_gpio.o
    0x080020da   0x080020da   0x00000012   Code   RO         1954    i.GPIO_ReadInputDataBit  stm32f10x_gpio.o
    0x080020ec   0x080020ec   0x00000004   Code   RO         1957    i.GPIO_ResetBits    stm32f10x_gpio.o
    0x080020f0   0x080020f0   0x00000004   Code   RO         1958    i.GPIO_SetBits      stm32f10x_gpio.o
    0x080020f4   0x080020f4   0x0000000a   Code   RO         1961    i.GPIO_WriteBit     stm32f10x_gpio.o
    0x080020fe   0x080020fe   0x00000002   PAD
    0x08002100   0x08002100   0x000000b4   Code   RO          661    i.Get_adcvalue      mq-sensor.o
    0x080021b4   0x080021b4   0x00000002   Code   RO          178    i.HardFault_Handler  stm32f10x_it.o
    0x080021b6   0x080021b6   0x00000002   PAD
    0x080021b8   0x080021b8   0x0000003c   Code   RO          690    i.I2C_Start         oled.o
    0x080021f4   0x080021f4   0x0000002c   Code   RO          691    i.I2C_Stop          oled.o
    0x08002220   0x08002220   0x00000034   Code   RO          692    i.I2C_WaitAck       oled.o
    0x08002254   0x08002254   0x00000010   Code   RO          693    i.IIC_delay         oled.o
    0x08002264   0x08002264   0x00000128   Code   RO          473    i.IoT_Parameter_Init  mqtt.o
    0x0800238c   0x0800238c   0x00000034   Code   RO          635    i.LED_Init          led.o
    0x080023c0   0x080023c0   0x00000010   Code   RO          636    i.LED_ON            led.o
    0x080023d0   0x080023d0   0x00000010   Code   RO          637    i.LED_Off           led.o
    0x080023e0   0x080023e0   0x00000090   Code   RO          869    i.MQ4_ADC_Init      mq_4.o
    0x08002470   0x08002470   0x000000b0   Code   RO          474    i.MQTT_Buff_Init    mqtt.o
    0x08002520   0x08002520   0x00000218   Code   RO          475    i.MQTT_ConectPack   mqtt.o
    0x08002738   0x08002738   0x00000108   Code   RO          476    i.MQTT_DealPushdata_Qs0  mqtt.o
    0x08002840   0x08002840   0x0000001c   Code   RO          477    i.MQTT_PingREQ      mqtt.o
    0x0800285c   0x0800285c   0x000000ec   Code   RO          478    i.MQTT_PublishQs0   mqtt.o
    0x08002948   0x08002948   0x00000098   Code   RO          479    i.MQTT_Subscribe    mqtt.o
    0x080029e0   0x080029e0   0x00000002   Code   RO          179    i.MemManage_Handler  stm32f10x_it.o
    0x080029e2   0x080029e2   0x00000002   Code   RO          180    i.NMI_Handler       stm32f10x_it.o
    0x080029e4   0x080029e4   0x00000070   Code   RO          980    i.NVIC_Init         misc.o
    0x08002a54   0x08002a54   0x00000014   Code   RO          981    i.NVIC_PriorityGroupConfig  misc.o
    0x08002a68   0x08002a68   0x00000074   Code   RO          910    i.OLEDShowConnecting  oled_show.o
    0x08002adc   0x08002adc   0x000000b8   Code   RO          911    i.OLEDShowData      oled_show.o
    0x08002b94   0x08002b94   0x00000030   Code   RO          694    i.OLED_Clear        oled.o
    0x08002bc4   0x08002bc4   0x0000001c   Code   RO          695    i.OLED_ColorTurn    oled.o
    0x08002be0   0x08002be0   0x0000002c   Code   RO          698    i.OLED_DisplayTurn  oled.o
    0x08002c0c   0x08002c0c   0x00000078   Code   RO          701    i.OLED_DrawPoint    oled.o
    0x08002c84   0x08002c84   0x0000010c   Code   RO          702    i.OLED_Init         oled.o
    0x08002d90   0x08002d90   0x00000016   Code   RO          703    i.OLED_Pow          oled.o
    0x08002da6   0x08002da6   0x00000002   PAD
    0x08002da8   0x08002da8   0x00000068   Code   RO          704    i.OLED_Refresh      oled.o
    0x08002e10   0x08002e10   0x0000013c   Code   RO          706    i.OLED_ShowChar     oled.o
    0x08002f4c   0x08002f4c   0x00000104   Code   RO          707    i.OLED_ShowChinese  oled.o
    0x08003050   0x08003050   0x0000008c   Code   RO          708    i.OLED_ShowNum      oled.o
    0x080030dc   0x080030dc   0x0000004a   Code   RO          710    i.OLED_ShowString   oled.o
    0x08003126   0x08003126   0x00000038   Code   RO          711    i.OLED_WR_Byte      oled.o
    0x0800315e   0x0800315e   0x00000002   Code   RO          181    i.PendSV_Handler    stm32f10x_it.o
    0x08003160   0x08003160   0x00000018   Code   RO         1016    i.RCC_ADCCLKConfig  stm32f10x_rcc.o
    0x08003178   0x08003178   0x00000020   Code   RO         1018    i.RCC_APB1PeriphClockCmd  stm32f10x_rcc.o
    0x08003198   0x08003198   0x00000020   Code   RO         1019    i.RCC_APB1PeriphResetCmd  stm32f10x_rcc.o
    0x080031b8   0x080031b8   0x00000020   Code   RO         1020    i.RCC_APB2PeriphClockCmd  stm32f10x_rcc.o
    0x080031d8   0x080031d8   0x00000020   Code   RO         1021    i.RCC_APB2PeriphResetCmd  stm32f10x_rcc.o
    0x080031f8   0x080031f8   0x000000d4   Code   RO         1028    i.RCC_GetClocksFreq  stm32f10x_rcc.o
    0x080032cc   0x080032cc   0x00000018   Code   RO          893    i.ReadFlameSensorStatus  fire.o
    0x080032e4   0x080032e4   0x00000018   Code   RO          870    i.Read_MQ4_DOUT_Data  mq_4.o
    0x080032fc   0x080032fc   0x00000002   Code   RO          182    i.SVC_Handler       stm32f10x_it.o
    0x080032fe   0x080032fe   0x00000002   PAD
    0x08003300   0x08003300   0x00000054   Code   RO          712    i.Send_Byte         oled.o
    0x08003354   0x08003354   0x000000a4   Code   RO          604    i.Send_FireData     control.o
    0x080033f8   0x080033f8   0x000000a4   Code   RO          606    i.Send_beepData     control.o
    0x0800349c   0x0800349c   0x00000008   Code   RO          939    i.SetSysClock       system_stm32f10x.o
    0x080034a4   0x080034a4   0x000000e0   Code   RO          940    i.SetSysClockTo72   system_stm32f10x.o
    0x08003584   0x08003584   0x00000028   Code   RO          984    i.SysTick_CLKSourceConfig  misc.o
    0x080035ac   0x080035ac   0x00000002   Code   RO          183    i.SysTick_Handler   stm32f10x_it.o
    0x080035ae   0x080035ae   0x00000002   PAD
    0x080035b0   0x080035b0   0x00000060   Code   RO          942    i.SystemInit        system_stm32f10x.o
    0x08003610   0x08003610   0x00000076   Code   RO          370    i.TIM2_ENABLE_10S   timer2.o
    0x08003686   0x08003686   0x00000002   PAD
    0x08003688   0x08003688   0x00000184   Code   RO          184    i.TIM2_IRQHandler   stm32f10x_it.o
    0x0800380c   0x0800380c   0x00000078   Code   RO          382    i.TIM3_ENABLE_2S    timer3.o
    0x08003884   0x08003884   0x00000078   Code   RO          383    i.TIM3_ENABLE_30S   timer3.o
    0x080038fc   0x080038fc   0x0000006c   Code   RO          185    i.TIM3_IRQHandler   stm32f10x_it.o
    0x08003968   0x08003968   0x00000098   Code   RO          186    i.TIM4_IRQHandler   stm32f10x_it.o
    0x08003a00   0x08003a00   0x00000070   Code   RO          400    i.TIM4_Init         timer4.o
    0x08003a70   0x08003a70   0x00000006   Code   RO         1227    i.TIM_ClearITPendingBit  stm32f10x_tim.o
    0x08003a76   0x08003a76   0x00000018   Code   RO         1232    i.TIM_Cmd           stm32f10x_tim.o
    0x08003a8e   0x08003a8e   0x00000002   PAD
    0x08003a90   0x08003a90   0x000001e8   Code   RO         1237    i.TIM_DeInit        stm32f10x_tim.o
    0x08003c78   0x08003c78   0x00000022   Code   RO         1253    i.TIM_GetITStatus   stm32f10x_tim.o
    0x08003c9a   0x08003c9a   0x00000012   Code   RO         1257    i.TIM_ITConfig      stm32f10x_tim.o
    0x08003cac   0x08003cac   0x00000004   Code   RO         1297    i.TIM_SetCounter    stm32f10x_tim.o
    0x08003cb0   0x08003cb0   0x000000a4   Code   RO         1303    i.TIM_TimeBaseInit  stm32f10x_tim.o
    0x08003d54   0x08003d54   0x00000064   Code   RO          480    i.TxDataBuf_Deal    mqtt.o
    0x08003db8   0x08003db8   0x0000007c   Code   RO          187    i.USART2_IRQHandler  stm32f10x_it.o
    0x08003e34   0x08003e34   0x00000012   Code   RO         1764    i.USART_ClearFlag   stm32f10x_usart.o
    0x08003e46   0x08003e46   0x00000018   Code   RO         1768    i.USART_Cmd         stm32f10x_usart.o
    0x08003e5e   0x08003e5e   0x00000002   PAD
    0x08003e60   0x08003e60   0x0000009c   Code   RO         1770    i.USART_DeInit      stm32f10x_usart.o
    0x08003efc   0x08003efc   0x00000054   Code   RO         1772    i.USART_GetITStatus  stm32f10x_usart.o
    0x08003f50   0x08003f50   0x0000004a   Code   RO         1774    i.USART_ITConfig    stm32f10x_usart.o
    0x08003f9a   0x08003f9a   0x00000002   PAD
    0x08003f9c   0x08003f9c   0x000000d8   Code   RO         1775    i.USART_Init        stm32f10x_usart.o
    0x08004074   0x08004074   0x00000002   Code   RO          188    i.UsageFault_Handler  stm32f10x_it.o
    0x08004076   0x08004076   0x00000002   PAD
    0x08004078   0x08004078   0x00000080   Code   RO          294    i.Usart1_Init       usart1.o
    0x080040f8   0x080040f8   0x000000b8   Code   RO          335    i.Usart2_Init       usart2.o
    0x080041b0   0x080041b0   0x000002f8   Code   RO          415    i.WiFi_Connect_IoTServer  wifi.o
    0x080044a8   0x080044a8   0x00000154   Code   RO          416    i.WiFi_Connect_Server  wifi.o
    0x080045fc   0x080045fc   0x000000a4   Code   RO          417    i.WiFi_JoinAP       wifi.o
    0x080046a0   0x080046a0   0x00000070   Code   RO          418    i.WiFi_Reset        wifi.o
    0x08004710   0x08004710   0x00000034   Code   RO          419    i.WiFi_ResetIO_Init  wifi.o
    0x08004744   0x08004744   0x00000074   Code   RO          420    i.WiFi_SendCmd      wifi.o
    0x080047b8   0x080047b8   0x00000028   Code   RO         2624    i.__ARM_fpclassify  m_ws.l(fpclassify.o)
    0x080047e0   0x080047e0   0x0000000e   Code   RO         2412    i._is_digit         c_w.l(__printf_wp.o)
    0x080047ee   0x080047ee   0x00000004   Code   RO          295    i._sys_exit         usart1.o
    0x080047f2   0x080047f2   0x00000002   PAD
    0x080047f4   0x080047f4   0x0000002c   Code   RO          844    i.bmp_Init          bmp.o
    0x08004820   0x08004820   0x00000014   Code   RO          845    i.bmp_start         bmp.o
    0x08004834   0x08004834   0x00000014   Code   RO          846    i.bmp_stop          bmp.o
    0x08004848   0x08004848   0x00000648   Code   RO            1    i.main              main.o
    0x08004e90   0x08004e90   0x0000005c   Code   RO          297    i.u1_printf         usart1.o
    0x08004eec   0x08004eec   0x00000040   Code   RO          336    i.u2_TxData         usart2.o
    0x08004f2c   0x08004f2c   0x0000005c   Code   RO          337    i.u2_printf         usart2.o
    0x08004f88   0x08004f88   0x0000002c   Code   RO         2612    locale$$code        c_w.l(lc_numeric_c.o)
    0x08004fb4   0x08004fb4   0x0000002c   Code   RO         2632    locale$$code        c_w.l(lc_ctype_c.o)
    0x08004fe0   0x08004fe0   0x00000150   Code   RO         2444    x$fpl$dadd          fz_ws.l(daddsub_clz.o)
    0x08005130   0x08005130   0x0000005a   Code   RO         2454    x$fpl$dfixu         fz_ws.l(dfixu.o)
    0x0800518a   0x0800518a   0x00000026   Code   RO         2458    x$fpl$dfltu         fz_ws.l(dflt_clz.o)
    0x080051b0   0x080051b0   0x00000154   Code   RO         2464    x$fpl$dmul          fz_ws.l(dmul.o)
    0x08005304   0x08005304   0x0000009c   Code   RO         2539    x$fpl$dnaninf       fz_ws.l(dnaninf.o)
    0x080053a0   0x080053a0   0x0000000c   Code   RO         2541    x$fpl$dretinf       fz_ws.l(dretinf.o)
    0x080053ac   0x080053ac   0x000001d4   Code   RO         2446    x$fpl$dsub          fz_ws.l(daddsub_clz.o)
    0x08005580   0x08005580   0x00000004   Code   RO         2547    x$fpl$printf1       fz_ws.l(printf1.o)
    0x08005584   0x08005584   0x00000000   Code   RO         2549    x$fpl$usenofp       fz_ws.l(usenofp.o)
    0x08005584   0x08005584   0x000021f0   Data   RO          714    .constdata          oled.o
    0x08007774   0x08007774   0x00000011   Data   RO         2420    .constdata          c_w.l(__printf_flags_ss_wp.o)
    0x08007785   0x08007785   0x00000003   PAD
    0x08007788   0x08007788   0x00000008   Data   RO         2486    .constdata          c_w.l(_printf_wctomb.o)
    0x08007790   0x08007790   0x00000028   Data   RO         2515    .constdata          c_w.l(_printf_hex_int_ll_ptr.o)
    0x080077b8   0x080077b8   0x00000094   Data   RO         2587    .constdata          c_w.l(bigflt0.o)
    0x0800784c   0x0800784c   0x00000036   Data   RO            2    .conststring        main.o
    0x08007882   0x08007882   0x00000002   PAD
    0x08007884   0x08007884   0x00000020   Data   RO         2753    Region$$Table       anon$$obj.o
    0x080078a4   0x080078a4   0x0000001c   Data   RO         2611    locale$$data        c_w.l(lc_numeric_c.o)
    0x080078c0   0x080078c0   0x00000110   Data   RO         2631    locale$$data        c_w.l(lc_ctype_c.o)


    Execution Region ER_RW (Exec base: 0x20000000, Load base: 0x080079d0, Size: 0x000000a0, Max: 0xffffffff, ABSOLUTE)

    Exec Addr    Load Addr    Size         Type   Attr      Idx    E Section Name        Object

    0x20000000   0x080079d0   0x00000020   Data   RW            3    .data               main.o
    0x20000020   0x080079f0   0x00000004   Data   RW          271    .data               delay.o
    0x20000024   0x080079f4   0x00000008   Data   RW          339    .data               usart2.o
    0x2000002c   0x080079fc   0x00000001   Data   RW          423    .data               wifi.o
    0x2000002d   0x080079fd   0x00000003   PAD
    0x20000030   0x08007a00   0x00000044   Data   RW          482    .data               mqtt.o
    0x20000074   0x08007a44   0x00000002   Data   RW          662    .data               mq-sensor.o
    0x20000076   0x08007a46   0x00000002   PAD
    0x20000078   0x08007a48   0x00000014   Data   RW          943    .data               system_stm32f10x.o
    0x2000008c   0x08007a5c   0x00000014   Data   RW         1048    .data               stm32f10x_rcc.o


    Execution Region ER_ZI (Exec base: 0x200000a0, Load base: 0x08007a70, Size: 0x000028a0, Max: 0xffffffff, ABSOLUTE)

    Exec Addr    Load Addr    Size         Type   Attr      Idx    E Section Name        Object

    0x200000a0        -       0x00000100   Zero   RW          298    .bss                usart1.o
    0x200001a0        -       0x00000800   Zero   RW          338    .bss                usart2.o
    0x200009a0        -       0x000014c0   Zero   RW          481    .bss                mqtt.o
    0x20001e60        -       0x00000480   Zero   RW          713    .bss                oled.o
    0x200022e0        -       0x00000060   Zero   RW         2627    .bss                c_w.l(libspace.o)
    0x20002340        -       0x00000200   Zero   RW          974    HEAP                startup_stm32f10x_hd.o
    0x20002540        -       0x00000400   Zero   RW          973    STACK               startup_stm32f10x_hd.o


==============================================================================

Image component sizes


      Code (inc. data)   RO Data    RW Data    ZI Data      Debug   Object Name

        84         18          0          0          0       1218   bmp.o
       328        100          0          0          0       1240   control.o
         0          0          0          0          0         32   core_cm3.o
       220         26          0          4          0       1609   delay.o
       426         22          0          0          0       4529   dht11.o
        24          6          0          0          0        492   fire.o
        84         14          0          0          0       1314   led.o
      1608        646         54         32          0     261720   main.o
       172         22          0          0          0       1901   misc.o
       384         26          0          2          0       2211   mq-sensor.o
       168         14          0          0          0       1076   mq_4.o
      1896        368          0         68       5312       7388   mqtt.o
      1736         76       8688          0       1152      11444   oled.o
       300          4          0          0          0        968   oled_show.o
        64         26        304          0       1536        788   startup_stm32f10x_hd.o
       394         10          0          0          0       7541   stm32f10x_adc.o
       314          0          0          0          0       3980   stm32f10x_gpio.o
       790        158          0          0          0       6120   stm32f10x_it.o
       364         50          0         20          0       5835   stm32f10x_rcc.o
       738        106          0          0          0       4548   stm32f10x_tim.o
       572         28          0          0          0       5295   stm32f10x_usart.o
       328         28          0         20          0       2077   system_stm32f10x.o
       118          0          0          0          0        562   timer2.o
       240         10          0          0          0       1123   timer3.o
       112          6          0          0          0        640   timer4.o
       224         18          0          0        256       4058   usart1.o
       340         22          0          8       2048       2600   usart2.o
      1544        796          0          1          0       3897   wifi.o

    ----------------------------------------------------------------------
     13604       2600       9080        160      10304     346206   Object Totals
         0          0         32          0          0          0   (incl. Generated)
        32          0          2          5          0          0   (incl. Padding)

    ----------------------------------------------------------------------

      Code (inc. data)   RO Data    RW Data    ZI Data      Debug   Library Member Name

        44          6          0          0          0         84   __2sprintf.o
         8          0          0          0          0         68   __main.o
       392          4         17          0          0         92   __printf_flags_ss_wp.o
        14          0          0          0          0         68   __printf_wp.o
         0          0          0          0          0          0   __rtentry.o
        12          0          0          0          0          0   __rtentry2.o
         6          0          0          0          0          0   __rtentry4.o
        52          8          0          0          0          0   __scatter.o
        26          0          0          0          0          0   __scatter_copy.o
        28          0          0          0          0          0   __scatter_zi.o
         6          0          0          0          0          0   _printf_a.o
         6          0          0          0          0          0   _printf_c.o
        44          0          0          0          0        108   _printf_char.o
        48          6          0          0          0         96   _printf_char_common.o
        40          0          0          0          0         68   _printf_charcount.o
         6          0          0          0          0          0   _printf_d.o
       120         16          0          0          0         92   _printf_dec.o
         6          0          0          0          0          0   _printf_e.o
         6          0          0          0          0          0   _printf_f.o
      1050          0          0          0          0        216   _printf_fp_dec.o
       128         16          0          0          0         84   _printf_fp_infnan.o
         6          0          0          0          0          0   _printf_g.o
       148          4         40          0          0        160   _printf_hex_int_ll_ptr.o
         6          0          0          0          0          0   _printf_i.o
       178          0          0          0          0         88   _printf_intcommon.o
        10          0          0          0          0          0   _printf_l.o
         6          0          0          0          0          0   _printf_lc.o
        10          0          0          0          0          0   _printf_ll.o
         6          0          0          0          0          0   _printf_lld.o
         6          0          0          0          0          0   _printf_lli.o
         6          0          0          0          0          0   _printf_llo.o
         6          0          0          0          0          0   _printf_llu.o
         6          0          0          0          0          0   _printf_llx.o
       124         16          0          0          0         92   _printf_longlong_dec.o
         6          0          0          0          0          0   _printf_ls.o
         6          0          0          0          0          0   _printf_n.o
         6          0          0          0          0          0   _printf_o.o
       112          8          0          0          0        124   _printf_oct_int_ll.o
         6          0          0          0          0          0   _printf_p.o
        78          0          0          0          0        108   _printf_pad.o
         0          0          0          0          0          0   _printf_percent.o
         4          0          0          0          0          0   _printf_percent_end.o
         6          0          0          0          0          0   _printf_s.o
        82          0          0          0          0         80   _printf_str.o
        36          0          0          0          0         84   _printf_truncate.o
         6          0          0          0          0          0   _printf_u.o
        44          0          0          0          0        108   _printf_wchar.o
       188          6          8          0          0         92   _printf_wctomb.o
         6          0          0          0          0          0   _printf_x.o
        10          0          0          0          0         68   _sputc.o
        64          0          0          0          0         92   _wcrtomb.o
       220          4        148          0          0         96   bigflt0.o
      1910        128          0          0          0        672   btod.o
        36          4          0          0          0         76   c89vsprintf.o
        12          0          0          0          0         72   exit.o
         6          0          0          0          0        152   heapauxi.o
        44         10        272          0          0         76   lc_ctype_c.o
        44         10         28          0          0         76   lc_numeric_c.o
         2          0          0          0          0          0   libinit.o
        30          0          0          0          0          0   libinit2.o
         2          0          0          0          0          0   libshutdown.o
         2          0          0          0          0          0   libshutdown2.o
         8          4          0          0         96         68   libspace.o
       138          0          0          0          0         80   lludiv10.o
        88          0          0          0          0         76   memcmp.o
        16          4          0          0          0         76   rt_ctype_table.o
         8          4          0          0          0         68   rt_locale_intlibspace.o
        68          0          0          0          0         68   rt_memclr.o
        78          0          0          0          0         80   rt_memclr_w.o
       138          0          0          0          0         68   rt_memcpy_v6.o
       100          0          0          0          0         80   rt_memcpy_w.o
         2          0          0          0          0          0   rtexit.o
        10          0          0          0          0          0   rtexit2.o
       128          0          0          0          0         68   strcmpv7m.o
        62          0          0          0          0         76   strlen.o
        36          0          0          0          0         80   strstr.o
        74          0          0          0          0         80   sys_stackheap_outer.o
         2          0          0          0          0         68   use_no_semi.o
         2          0          0          0          0         68   use_no_semi_2.o
       804         16          0          0          0        272   daddsub_clz.o
        90          4          0          0          0         92   dfixu.o
        38          0          0          0          0         68   dflt_clz.o
       340         12          0          0          0        104   dmul.o
       156          4          0          0          0         92   dnaninf.o
        12          0          0          0          0         68   dretinf.o
         4          0          0          0          0         68   printf1.o
         0          0          0          0          0          0   usenofp.o
        40          0          0          0          0         68   fpclassify.o

    ----------------------------------------------------------------------
      7984        294        516          0         96       5228   Library Totals
        14          0          3          0          0          0   (incl. Padding)

    ----------------------------------------------------------------------

      Code (inc. data)   RO Data    RW Data    ZI Data      Debug   Library Name

      6486        258        513          0         96       4396   c_w.l
      1444         36          0          0          0        764   fz_ws.l
        40          0          0          0          0         68   m_ws.l

    ----------------------------------------------------------------------
      7984        294        516          0         96       5228   Library Totals

    ----------------------------------------------------------------------

==============================================================================


      Code (inc. data)   RO Data    RW Data    ZI Data      Debug   

     21588       2894       9596        160      10400     342382   Grand Totals
     21588       2894       9596        160      10400     342382   ELF Image Totals
     21588       2894       9596        160          0          0   ROM Totals

==============================================================================

    Total RO  Size (Code + RO Data)                31184 (  30.45kB)
    Total RW  Size (RW Data + ZI Data)             10560 (  10.31kB)
    Total ROM Size (Code + RO Data + RW Data)      31344 (  30.61kB)

==============================================================================

