<html>
<body>
<pre>
<h1>礦ision Build Log</h1>
<h2>Tool Versions:</h2>
IDE-Version: μVision V5.25.3.0
Copyright (C) 2018 ARM Ltd and ARM Germany GmbH. All rights reserved.
License Information: ZHENZHU DINGZHEN, DIGNZHENZHENZHU, LIC=GMZI6-DNTEI-DY6V3-A0CZI-RJ7CZ-VK6WN
 
Tool Versions:
Toolchain:       MDK-ARM Plus  Version: 5.14.0.0
Toolchain Path:  D:\keil5\ARM\ARMCC\Bin
C Compiler:      Armcc.exe V5.05 update 1 (build 106)
Assembler:       Armasm.exe V5.05 update 1 (build 106)
Linker/Locator:  ArmLink.exe V5.05 update 1 (build 106)
Library Manager: ArmAr.exe V5.05 update 1 (build 106)
Hex Converter:   FromElf.exe V5.05 update 1 (build 106)
CPU DLL:         SARMCM3.DLL V5.14.0.0
Dialog DLL:      DCM.DLL V1.13.1.0
Target DLL:      STLink\ST-LINKIII-KEIL_SWO.dll V2.0.14.0_KEIL
Dialog DLL:      TCM.DLL V1.14.4.0
 
<h2>Project:</h2>
E:\STM32\Code\DHT11_ToOneNetByMqtt-main - 3\USER\DHT11_ToOneNetByMqtt.uvprojx
Project File Date:  06/02/2023

<h2>Output:</h2>
*** Using Compiler 'V5.05 update 1 (build 106)', folder: 'D:\keil5\ARM\ARMCC\Bin'
Build target '工程'
compiling wifi.c...
..\HARDWARE\scr\wifi.c(213): warning:  #223-D: function "OLED_Refresh" declared implicitly
  		OLED_Refresh();						//OLED屏幕显示连接状态  "正在连接"
..\HARDWARE\scr\wifi.c: 1 warning, 0 errors
compiling main.c...
compiling mqtt.c...
linking...
Program Size: Code=21588 RO-data=9596 RW-data=160 ZI-data=10400  
FromELF: creating hex file...
"..\OBJ\工程文件.axf" - 0 Error(s), 1 Warning(s).

<h2>Software Packages used:</h2>

Package Vendor: Keil
                http://www.keil.com/pack/Keil.STM32F1xx_DFP.2.2.0.pack
                Keil.STM32F1xx_DFP.2.2.0
                STMicroelectronics STM32F1 Series Device Support, Drivers and Examples

<h2>Collection of Component include folders:</h2>
  .\RTE\_____
  D:\keil5\MDK\Keil\STM32F1xx_DFP\2.2.0\Device\Include

<h2>Collection of Component Files used:</h2>
Build Time Elapsed:  00:00:01
</pre>
</body>
</html>
